Component: ARM Compiler 5.06 update 6 (build 750) Tool: armlink [4d35ed]

==============================================================================

Section Cross References

    3140_concur.o(i.process_stack_free) refers to h1_free.o(.text) for free
    3140_concur.o(i.process_stack_init) refers to h1_alloc.o(.text) for malloc
    3140_concur.o(i.process_stack_init) refers to 3140.o(myProg) for process_terminated
    process.o(i.PIT1_IRQHandler) refers to process.o(.data) for current_time
    process.o(i.pop_front_not_ready_rt) refers to process.o(.data) for not_ready_realtime
    process.o(i.pop_front_process) refers to process.o(.data) for process_queue
    process.o(i.pop_front_rt) refers to process.o(.data) for ready_realtime
    process.o(i.process_create) refers to 3140_concur.o(i.process_stack_init) for process_stack_init
    process.o(i.process_create) refers to h1_alloc.o(.text) for malloc
    process.o(i.process_create) refers to 3140_concur.o(i.process_stack_free) for process_stack_free
    process.o(i.process_create) refers to process.o(i.push_tail_process) for push_tail_process
    process.o(i.process_free) refers to 3140_concur.o(i.process_stack_free) for process_stack_free
    process.o(i.process_free) refers to h1_free.o(.text) for free
    process.o(i.process_rt_create) refers to 3140_concur.o(i.process_stack_init) for process_stack_init
    process.o(i.process_rt_create) refers to h1_alloc.o(.text) for malloc
    process.o(i.process_rt_create) refers to 3140_concur.o(i.process_stack_free) for process_stack_free
    process.o(i.process_rt_create) refers to process.o(i.push_rt_Nready) for push_rt_Nready
    process.o(i.process_rt_periodic) refers to 3140_concur.o(i.process_stack_init) for process_stack_init
    process.o(i.process_rt_periodic) refers to h1_alloc.o(.text) for malloc
    process.o(i.process_rt_periodic) refers to 3140_concur.o(i.process_stack_free) for process_stack_free
    process.o(i.process_rt_periodic) refers to process.o(i.push_rt_Nready) for push_rt_Nready
    process.o(i.process_select) refers to process.o(i.pop_front_not_ready_rt) for pop_front_not_ready_rt
    process.o(i.process_select) refers to process.o(i.push_rt_ready) for push_rt_ready
    process.o(i.process_select) refers to process.o(i.push_tail_process) for push_tail_process
    process.o(i.process_select) refers to process.o(i.process_stack_reinit) for process_stack_reinit
    process.o(i.process_select) refers to process.o(i.push_rt_Nready) for push_rt_Nready
    process.o(i.process_select) refers to process.o(i.process_free) for process_free
    process.o(i.process_select) refers to process.o(i.pop_front_rt) for pop_front_rt
    process.o(i.process_select) refers to process.o(i.pop_front_process) for pop_front_process
    process.o(i.process_select) refers to process.o(.data) for current_time
    process.o(i.process_stack_reinit) refers to 3140.o(myProg) for process_terminated
    process.o(i.process_start) refers to process.o(i.__NVIC_SetPriority) for __NVIC_SetPriority
    process.o(i.process_start) refers to process.o(i.__NVIC_EnableIRQ) for __NVIC_EnableIRQ
    process.o(i.process_start) refers to 3140.o(myProg) for process_begin
    process.o(i.process_start) refers to process.o(.data) for process_queue
    process.o(i.push_rt_Nready) refers to process.o(.data) for not_ready_realtime
    process.o(i.push_rt_ready) refers to process.o(.data) for ready_realtime
    process.o(i.push_tail_process) refers to process.o(.data) for process_queue
    utils.o(i.LEDBlue_On) refers to utils.o(i.__get_PRIMASK) for __get_PRIMASK
    utils.o(i.LEDBlue_On) refers to utils.o(i.__set_PRIMASK) for __set_PRIMASK
    utils.o(i.LEDGreen_On) refers to utils.o(i.__get_PRIMASK) for __get_PRIMASK
    utils.o(i.LEDGreen_On) refers to utils.o(i.__set_PRIMASK) for __set_PRIMASK
    utils.o(i.LEDRed_On) refers to utils.o(i.__get_PRIMASK) for __get_PRIMASK
    utils.o(i.LEDRed_On) refers to utils.o(i.__set_PRIMASK) for __set_PRIMASK
    utils.o(i.LED_Off) refers to utils.o(i.__get_PRIMASK) for __get_PRIMASK
    utils.o(i.LED_Off) refers to utils.o(i.__set_PRIMASK) for __set_PRIMASK
    3140.o(myProg) refers to process.o(i.process_select) for process_select
    3140.o(myProg) refers to 3140.o(myData) for OrigStackPointer
    test_r1.o(i.main) refers to utils.o(i.LED_Initialize) for LED_Initialize
    test_r1.o(i.main) refers to process.o(i.process_rt_create) for process_rt_create
    test_r1.o(i.main) refers to process.o(i.process_start) for process_start
    test_r1.o(i.main) refers to utils.o(i.LED_Off) for LED_Off
    test_r1.o(i.main) refers to utils.o(i.LEDGreen_On) for LEDGreen_On
    test_r1.o(i.main) refers to test_r1.o(i.shortDelay) for shortDelay
    test_r1.o(i.main) refers to test_r1.o(.data) for t_15sec
    test_r1.o(i.main) refers to test_r1.o(i.pRT1) for pRT1
    test_r1.o(i.main) refers to test_r1.o(i.pRT2) for pRT2
    test_r1.o(i.main) refers to process.o(.data) for process_deadline_miss
    test_r1.o(i.mediumDelay) refers to utils.o(i.delay) for delay
    test_r1.o(i.pNRT) refers to utils.o(i.LEDGreen_On) for LEDGreen_On
    test_r1.o(i.pNRT) refers to test_r1.o(i.shortDelay) for shortDelay
    test_r1.o(i.pNRT) refers to utils.o(i.LEDGreen_Toggle) for LEDGreen_Toggle
    test_r1.o(i.pRT1) refers to utils.o(i.LEDRed_Toggle) for LEDRed_Toggle
    test_r1.o(i.pRT1) refers to test_r1.o(i.shortDelay) for shortDelay
    test_r1.o(i.pRT2) refers to utils.o(i.LEDBlue_Toggle) for LEDBlue_Toggle
    test_r1.o(i.pRT2) refers to test_r1.o(i.shortDelay) for shortDelay
    test_r1.o(i.shortDelay) refers to utils.o(i.delay) for delay
    startup_mk64f12.o(RESET) refers to startup_mk64f12.o(.text) for Reset_Handler
    startup_mk64f12.o(RESET) refers to 3140.o(myProg) for SVC_Handler
    startup_mk64f12.o(RESET) refers to process.o(i.PIT1_IRQHandler) for PIT1_IRQHandler
    startup_mk64f12.o(.text) refers to startup_mk64f12.o(FlashConfig) for FlashConfig
    startup_mk64f12.o(.text) refers to startup_mk64f12.o(RESET) for __Vectors
    startup_mk64f12.o(.text) refers to system_mk64f12.o(i.SystemInit) for SystemInit
    startup_mk64f12.o(.text) refers to __main.o(!!!main) for __main
    system_mk64f12.o(i.SystemCoreClockUpdate) refers to system_mk64f12.o(.data) for SystemCoreClock
    system_mk64f12.o(i.SystemInit) refers to system_mk64f12.o(i.SystemInitHook) for SystemInitHook
    malloc.o(.text) refers (Special) to hguard.o(.text) for __heap$guard
    malloc.o(.text) refers (Special) to init_alloc.o(.text) for _init_alloc
    malloc.o(.text) refers to rt_heap_descriptor_intlibspace.o(.text) for __rt_heap_descriptor
    malloc.o(.text) refers to heapstubs.o(.text) for __Heap_Alloc
    free.o(.text) refers (Special) to hguard.o(.text) for __heap$guard
    free.o(.text) refers to rt_heap_descriptor_intlibspace.o(.text) for __rt_heap_descriptor
    free.o(.text) refers to heapstubs.o(.text) for __Heap_Free
    h1_alloc.o(.text) refers (Special) to h1_init.o(.text) for __Heap_Initialize
    h1_alloc.o(.text) refers to rt_heap_descriptor_intlibspace.o(.text) for __rt_heap_descriptor
    h1_alloc.o(.text) refers to init_alloc.o(.text) for __Heap_Full
    h1_free.o(.text) refers to rt_heap_descriptor_intlibspace.o(.text) for __rt_heap_descriptor
    h1_alloc_mt.o(.text) refers (Special) to h1_init.o(.text) for __Heap_Initialize
    h1_alloc_mt.o(.text) refers to init_alloc.o(.text) for __Heap_Full
    h1_alloc_mt.o(.text) refers to rt_heap_descriptor_intlibspace.o(.text) for __rt_heap_descriptor
    h1_free_mt.o(.text) refers to rt_heap_descriptor_intlibspace.o(.text) for __rt_heap_descriptor
    heap2.o(i._FDIterate) refers to heap2.o(.conststring) for .conststring
    heap2.o(i.___Heap_ProvideMemory$realtime) refers to fdtree.o(i._FDTree_Delete) for _FDTree_Delete
    heap2.o(i.___Heap_ProvideMemory$realtime) refers to fdtree.o(i._FDTree_Insert) for _FDTree_Insert
    heap2.o(i.___Heap_Stats$realtime) refers to heap2.o(i._Heap2_StatsIterate) for _Heap2_StatsIterate
    heap2.o(i.___Heap_Valid$realtime) refers to heap2.o(i._FDIterate) for _FDIterate
    heap2.o(i.___Heap_Valid$realtime) refers to heap2.o(.conststring) for .conststring
    heap2.o(i._free$realtime) refers to rt_heap_descriptor_intlibspace.o(.text) for __rt_heap_descriptor
    heap2.o(i._free$realtime) refers to fdtree.o(i._FDTree_Delete) for _FDTree_Delete
    heap2.o(i._free$realtime) refers to fdtree.o(i._FDTree_Insert) for _FDTree_Insert
    heap2.o(i._malloc$realtime) refers to rt_heap_descriptor_intlibspace.o(.text) for __rt_heap_descriptor
    heap2.o(i._malloc$realtime) refers to fdtree.o(i._FDTree_FindFirst) for _FDTree_FindFirst
    heap2.o(i._malloc$realtime) refers to init_alloc.o(.text) for __Heap_Full
    heap2.o(i._malloc$realtime) refers to fdtree.o(i._FDTree_RemoveNode) for _FDTree_RemoveNode
    heap2.o(i._malloc$realtime) refers to fdtree.o(i._FDTree_Insert) for _FDTree_Insert
    heap2.o(i._posix_memalign$realtime) refers to rt_heap_descriptor_intlibspace.o(.text) for __rt_heap_descriptor
    heap2.o(i._posix_memalign$realtime) refers to fdtree.o(i._FDTree_FindFirst) for _FDTree_FindFirst
    heap2.o(i._posix_memalign$realtime) refers to init_alloc.o(.text) for __Heap_Full
    heap2.o(i._posix_memalign$realtime) refers to fdtree.o(i._FDTree_RemoveNode) for _FDTree_RemoveNode
    heap2.o(i._posix_memalign$realtime) refers to fdtree.o(i._FDTree_Insert) for _FDTree_Insert
    heap2.o(i._realloc$realtime) refers to rt_heap_descriptor_intlibspace.o(.text) for __rt_heap_descriptor
    heap2.o(i._realloc$realtime) refers to fdtree.o(i._FDTree_Insert) for _FDTree_Insert
    heap2.o(i._realloc$realtime) refers to h1_free.o(.text) for free
    heap2.o(i._realloc$realtime) refers to h1_alloc.o(.text) for malloc
    heap2.o(i._realloc$realtime) refers to fdtree.o(i._FDTree_Delete) for _FDTree_Delete
    heap2.o(i._realloc$realtime) refers to rt_memcpy_w.o(.text) for __aeabi_memcpy4
    heap2mt.o(i._FDIterate) refers to heap2mt.o(.conststring) for .conststring
    heap2mt.o(i.___Heap_Initialize$realtime$concurrent) refers to mutex_dummy.o(.text) for _mutex_initialize
    heap2mt.o(i.___Heap_ProvideMemory$realtime$concurrent) refers to fdtree.o(i._FDTree_Delete) for _FDTree_Delete
    heap2mt.o(i.___Heap_ProvideMemory$realtime$concurrent) refers to fdtree.o(i._FDTree_Insert) for _FDTree_Insert
    heap2mt.o(i.___Heap_Stats$realtime$concurrent) refers to heap2mt.o(i._Heap2_StatsIterate) for _Heap2_StatsIterate
    heap2mt.o(i.___Heap_Valid$realtime$concurrent) refers to heap2mt.o(i._FDIterate) for _FDIterate
    heap2mt.o(i.___Heap_Valid$realtime$concurrent) refers to heap2mt.o(.conststring) for .conststring
    heap2mt.o(i._free$realtime$concurrent) refers to rt_heap_descriptor_intlibspace.o(.text) for __rt_heap_descriptor
    heap2mt.o(i._free$realtime$concurrent) refers to fdtree.o(i._FDTree_Delete) for _FDTree_Delete
    heap2mt.o(i._free$realtime$concurrent) refers to fdtree.o(i._FDTree_Insert) for _FDTree_Insert
    heap2mt.o(i._malloc$realtime$concurrent) refers to rt_heap_descriptor_intlibspace.o(.text) for __rt_heap_descriptor
    heap2mt.o(i._malloc$realtime$concurrent) refers to fdtree.o(i._FDTree_FindFirst) for _FDTree_FindFirst
    heap2mt.o(i._malloc$realtime$concurrent) refers to init_alloc.o(.text) for __Heap_Full
    heap2mt.o(i._malloc$realtime$concurrent) refers to fdtree.o(i._FDTree_RemoveNode) for _FDTree_RemoveNode
    heap2mt.o(i._malloc$realtime$concurrent) refers to fdtree.o(i._FDTree_Insert) for _FDTree_Insert
    heap2mt.o(i._posix_memalign$realtime$concurrent) refers to rt_heap_descriptor_intlibspace.o(.text) for __rt_heap_descriptor
    heap2mt.o(i._posix_memalign$realtime$concurrent) refers to fdtree.o(i._FDTree_FindFirst) for _FDTree_FindFirst
    heap2mt.o(i._posix_memalign$realtime$concurrent) refers to init_alloc.o(.text) for __Heap_Full
    heap2mt.o(i._posix_memalign$realtime$concurrent) refers to fdtree.o(i._FDTree_RemoveNode) for _FDTree_RemoveNode
    heap2mt.o(i._posix_memalign$realtime$concurrent) refers to fdtree.o(i._FDTree_Insert) for _FDTree_Insert
    heap2mt.o(i._realloc$realtime$concurrent) refers to rt_heap_descriptor_intlibspace.o(.text) for __rt_heap_descriptor
    heap2mt.o(i._realloc$realtime$concurrent) refers to fdtree.o(i._FDTree_Insert) for _FDTree_Insert
    heap2mt.o(i._realloc$realtime$concurrent) refers to h1_free.o(.text) for free
    heap2mt.o(i._realloc$realtime$concurrent) refers to h1_alloc.o(.text) for malloc
    heap2mt.o(i._realloc$realtime$concurrent) refers to fdtree.o(i._FDTree_Delete) for _FDTree_Delete
    heap2mt.o(i._realloc$realtime$concurrent) refers to rt_memcpy_w.o(.text) for __aeabi_memcpy4
    __main.o(!!!main) refers to __rtentry.o(.ARM.Collect$$rtentry$$00000000) for __rt_entry
    __rtentry.o(.ARM.Collect$$rtentry$$00000000) refers (Special) to __rtentry2.o(.ARM.Collect$$rtentry$$0000000A) for __rt_entry_li
    __rtentry.o(.ARM.Collect$$rtentry$$00000000) refers (Special) to __rtentry2.o(.ARM.Collect$$rtentry$$0000000D) for __rt_entry_main
    __rtentry.o(.ARM.Collect$$rtentry$$00000000) refers (Special) to __rtentry2.o(.ARM.Collect$$rtentry$$0000000C) for __rt_entry_postli_1
    __rtentry.o(.ARM.Collect$$rtentry$$00000000) refers (Special) to __rtentry2.o(.ARM.Collect$$rtentry$$00000009) for __rt_entry_postsh_1
    __rtentry.o(.ARM.Collect$$rtentry$$00000000) refers (Special) to __rtentry2.o(.ARM.Collect$$rtentry$$00000002) for __rt_entry_presh_1
    __rtentry.o(.ARM.Collect$$rtentry$$00000000) refers (Special) to __rtentry7.o(.ARM.Collect$$rtentry$$00000007) for __rt_entry_sh
    rt_heap_descriptor.o(.text) refers to rt_heap_descriptor.o(.bss) for __rt_heap_descriptor_data
    rt_heap_descriptor_intlibspace.o(.text) refers to libspace.o(.bss) for __libspace_start
    init_alloc.o(.text) refers (Special) to hguard.o(.text) for __heap$guard
    init_alloc.o(.text) refers (Special) to libinit5.o(.ARM.Collect$$libinit$$00000008) for __rt_lib_init_heap_2
    init_alloc.o(.text) refers (Special) to maybetermalloc1.o(.emb_text) for _maybe_terminate_alloc
    init_alloc.o(.text) refers to h1_extend.o(.text) for __Heap_ProvideMemory
    init_alloc.o(.text) refers to defsig_rtmem_outer.o(.text) for __rt_SIGRTMEM
    init_alloc.o(.text) refers to rt_heap_descriptor_intlibspace.o(.text) for __rt_heap_descriptor
    init_alloc.o(.text) refers to h1_init.o(.text) for __Heap_Initialize
    h1_init_mt.o(.text) refers to mutex_dummy.o(.text) for _mutex_initialize
    _get_argv.o(.text) refers (Special) to hrguard.o(.text) for __heap_region$guard
    _get_argv.o(.text) refers to h1_alloc.o(.text) for malloc
    _get_argv.o(.text) refers to defsig_rtmem_outer.o(.text) for __rt_SIGRTMEM
    _get_argv.o(.text) refers to sys_command.o(.text) for _sys_command_string
    libinit2.o(.ARM.Collect$$libinit$$00000005) refers (Weak) to init_alloc.o(.text) for _init_alloc
    libinit2.o(.ARM.Collect$$libinit$$00000010) refers to libinit2.o(.ARM.Collect$$libinit$$0000000F) for .ARM.Collect$$libinit$$0000000F
    libinit2.o(.ARM.Collect$$libinit$$00000012) refers to libinit2.o(.ARM.Collect$$libinit$$0000000F) for .ARM.Collect$$libinit$$0000000F
    libinit2.o(.ARM.Collect$$libinit$$00000014) refers to libinit2.o(.ARM.Collect$$libinit$$0000000F) for .ARM.Collect$$libinit$$0000000F
    libinit2.o(.ARM.Collect$$libinit$$00000016) refers to libinit2.o(.ARM.Collect$$libinit$$0000000F) for .ARM.Collect$$libinit$$0000000F
    libinit2.o(.ARM.Collect$$libinit$$00000018) refers to libinit2.o(.ARM.Collect$$libinit$$0000000F) for .ARM.Collect$$libinit$$0000000F
    libinit2.o(.ARM.Collect$$libinit$$00000026) refers to argv_veneer.o(.emb_text) for __ARM_argv_veneer
    libinit2.o(.ARM.Collect$$libinit$$00000027) refers to argv_veneer.o(.emb_text) for __ARM_argv_veneer
    sys_command.o(.text) refers (Special) to use_no_semi.o(.text) for __I$use$semihosting
    sys_command.o(.text) refers (Special) to indicate_semi.o(.text) for __semihosting_library_function
    libspace.o(.text) refers to libspace.o(.bss) for __libspace_start
    __rtentry2.o(.ARM.Collect$$rtentry$$00000008) refers to boardinit2.o(.text) for _platform_post_stackheap_init
    __rtentry2.o(.ARM.Collect$$rtentry$$0000000A) refers to libinit.o(.ARM.Collect$$libinit$$00000000) for __rt_lib_init
    __rtentry2.o(.ARM.Collect$$rtentry$$0000000B) refers to boardinit3.o(.text) for _platform_post_lib_init
    __rtentry2.o(.ARM.Collect$$rtentry$$0000000D) refers to test_r1.o(i.main) for main
    __rtentry2.o(.ARM.Collect$$rtentry$$0000000D) refers to exit.o(.text) for exit
    __rtentry2.o(.ARM.exidx) refers to __rtentry2.o(.ARM.Collect$$rtentry$$00000001) for .ARM.Collect$$rtentry$$00000001
    __rtentry2.o(.ARM.exidx) refers to __rtentry2.o(.ARM.Collect$$rtentry$$00000008) for .ARM.Collect$$rtentry$$00000008
    __rtentry2.o(.ARM.exidx) refers to __rtentry2.o(.ARM.Collect$$rtentry$$0000000A) for .ARM.Collect$$rtentry$$0000000A
    __rtentry2.o(.ARM.exidx) refers to __rtentry2.o(.ARM.Collect$$rtentry$$0000000B) for .ARM.Collect$$rtentry$$0000000B
    __rtentry2.o(.ARM.exidx) refers to __rtentry2.o(.ARM.Collect$$rtentry$$0000000D) for .ARM.Collect$$rtentry$$0000000D
    __rtentry4.o(.ARM.Collect$$rtentry$$00000004) refers to sys_stackheap_outer.o(.text) for __user_setup_stackheap
    __rtentry4.o(.ARM.exidx) refers to __rtentry4.o(.ARM.Collect$$rtentry$$00000004) for .ARM.Collect$$rtentry$$00000004
    __rtentry7.o(.ARM.Collect$$rtentry$$00000007) refers to __rtentry7.o(.ARM.Collect$$rtentry$$00002718) for __lit__00000000
    __rtentry7.o(__vectab_stack_and_reset_2_area) refers to __main.o(!!!main) for __main
    __rtentry7.o(.ARM.exidx) refers to __rtentry7.o(.ARM.Collect$$rtentry$$00000007) for .ARM.Collect$$rtentry$$00000007
    __rtentry7.o(.ARM.exidx) refers to __rtentry7.o(.ARM.Collect$$rtentry$$00002718) for .ARM.Collect$$rtentry$$00002718
    maybetermalloc2.o(.emb_text) refers (Special) to term_alloc.o(.text) for _terminate_alloc
    h1_extend.o(.text) refers to h1_free.o(.text) for free
    h1_extend_mt.o(.text) refers to h1_free_mt.o(.text) for _free_internal
    defsig_rtmem_outer.o(.text) refers to defsig_rtmem_inner.o(.text) for __rt_SIGRTMEM_inner
    defsig_rtmem_outer.o(.text) refers to defsig_exit.o(.text) for __sig_exit
    defsig_rtmem_formal.o(.text) refers to rt_raise.o(.text) for __rt_raise
    heapauxa.o(.text) refers to heapauxa.o(.data) for .data
    argv_veneer.o(.emb_text) refers to no_argv.o(.text) for __ARM_get_argv
    sys_stackheap_outer.o(.text) refers to libspace.o(.text) for __user_perproc_libspace
    sys_stackheap_outer.o(.text) refers to sys_stackheap.o(.text) for __user_initial_stackheap
    rt_raise.o(.text) refers to __raise.o(.text) for __raise
    rt_raise.o(.text) refers to sys_exit.o(.text) for _sys_exit
    term_alloc.o(.text) refers (Special) to libshutdown2.o(.ARM.Collect$$libshutdown$$0000000E) for __rt_lib_shutdown_heap_2
    term_alloc.o(.text) refers to rt_heap_descriptor_intlibspace.o(.text) for __rt_heap_descriptor
    term_alloc.o(.text) refers to h1_final.o(.text) for __Heap_Finalize
    exit.o(.text) refers to rtexit.o(.ARM.Collect$$rtexit$$00000000) for __rt_exit
    defsig_exit.o(.text) refers to sys_exit.o(.text) for _sys_exit
    defsig_rtmem_inner.o(.text) refers to defsig_general.o(.text) for __default_signal_display
    _get_argv_nomalloc.o(.text) refers (Special) to hrguard.o(.text) for __heap_region$guard
    _get_argv_nomalloc.o(.text) refers to defsig_rtmem_outer.o(.text) for __rt_SIGRTMEM
    _get_argv_nomalloc.o(.text) refers to sys_command.o(.text) for _sys_command_string
    libinit.o(.ARM.Collect$$libinit$$00000000) refers (Special) to libinit2.o(.ARM.Collect$$libinit$$0000002E) for __rt_lib_init_alloca_1
    libinit.o(.ARM.Collect$$libinit$$00000000) refers (Special) to libinit2.o(.ARM.Collect$$libinit$$0000002C) for __rt_lib_init_argv_1
    libinit.o(.ARM.Collect$$libinit$$00000000) refers (Special) to libinit2.o(.ARM.Collect$$libinit$$0000001B) for __rt_lib_init_atexit_1
    libinit.o(.ARM.Collect$$libinit$$00000000) refers (Special) to libinit2.o(.ARM.Collect$$libinit$$00000021) for __rt_lib_init_clock_1
    libinit.o(.ARM.Collect$$libinit$$00000000) refers (Special) to libinit2.o(.ARM.Collect$$libinit$$00000032) for __rt_lib_init_cpp_1
    libinit.o(.ARM.Collect$$libinit$$00000000) refers (Special) to libinit2.o(.ARM.Collect$$libinit$$00000030) for __rt_lib_init_exceptions_1
    libinit.o(.ARM.Collect$$libinit$$00000000) refers (Special) to libinit2.o(.ARM.Collect$$libinit$$00000002) for __rt_lib_init_fp_1
    libinit.o(.ARM.Collect$$libinit$$00000000) refers (Special) to libinit2.o(.ARM.Collect$$libinit$$0000001F) for __rt_lib_init_fp_trap_1
    libinit.o(.ARM.Collect$$libinit$$00000000) refers (Special) to libinit2.o(.ARM.Collect$$libinit$$00000023) for __rt_lib_init_getenv_1
    libinit.o(.ARM.Collect$$libinit$$00000000) refers (Special) to libinit2.o(.ARM.Collect$$libinit$$0000000A) for __rt_lib_init_heap_1
    libinit.o(.ARM.Collect$$libinit$$00000000) refers (Special) to libinit2.o(.ARM.Collect$$libinit$$00000011) for __rt_lib_init_lc_collate_1
    libinit.o(.ARM.Collect$$libinit$$00000000) refers (Special) to libinit2.o(.ARM.Collect$$libinit$$00000013) for __rt_lib_init_lc_ctype_1
    libinit.o(.ARM.Collect$$libinit$$00000000) refers (Special) to libinit2.o(.ARM.Collect$$libinit$$00000015) for __rt_lib_init_lc_monetary_1
    libinit.o(.ARM.Collect$$libinit$$00000000) refers (Special) to libinit2.o(.ARM.Collect$$libinit$$00000017) for __rt_lib_init_lc_numeric_1
    libinit.o(.ARM.Collect$$libinit$$00000000) refers (Special) to libinit2.o(.ARM.Collect$$libinit$$00000019) for __rt_lib_init_lc_time_1
    libinit.o(.ARM.Collect$$libinit$$00000000) refers (Special) to libinit2.o(.ARM.Collect$$libinit$$00000004) for __rt_lib_init_preinit_1
    libinit.o(.ARM.Collect$$libinit$$00000000) refers (Special) to libinit2.o(.ARM.Collect$$libinit$$0000000E) for __rt_lib_init_rand_1
    libinit.o(.ARM.Collect$$libinit$$00000000) refers (Special) to libinit2.o(.ARM.Collect$$libinit$$00000033) for __rt_lib_init_return
    libinit.o(.ARM.Collect$$libinit$$00000000) refers (Special) to libinit2.o(.ARM.Collect$$libinit$$0000001D) for __rt_lib_init_signal_1
    libinit.o(.ARM.Collect$$libinit$$00000000) refers (Special) to libinit2.o(.ARM.Collect$$libinit$$00000025) for __rt_lib_init_stdio_1
    libinit.o(.ARM.Collect$$libinit$$00000000) refers (Special) to libinit2.o(.ARM.Collect$$libinit$$0000000C) for __rt_lib_init_user_alloc_1
    sys_exit.o(.text) refers (Special) to use_no_semi.o(.text) for __I$use$semihosting
    sys_exit.o(.text) refers (Special) to indicate_semi.o(.text) for __semihosting_library_function
    sys_stackheap.o(.text) refers (Special) to indicate_semi.o(.text) for __semihosting_library_function
    sys_stackheap.o(.text) refers to use_no_semi.o(.text) for __I$use$semihosting
    rtexit.o(.ARM.Collect$$rtexit$$00000000) refers (Special) to rtexit2.o(.ARM.Collect$$rtexit$$00000004) for __rt_exit_exit
    rtexit.o(.ARM.Collect$$rtexit$$00000000) refers (Special) to rtexit2.o(.ARM.Collect$$rtexit$$00000003) for __rt_exit_ls
    rtexit.o(.ARM.Collect$$rtexit$$00000000) refers (Special) to rtexit2.o(.ARM.Collect$$rtexit$$00000002) for __rt_exit_prels_1
    rtexit.o(.ARM.exidx) refers (Special) to rtexit2.o(.ARM.Collect$$rtexit$$00000004) for __rt_exit_exit
    rtexit.o(.ARM.exidx) refers (Special) to rtexit2.o(.ARM.Collect$$rtexit$$00000003) for __rt_exit_ls
    rtexit.o(.ARM.exidx) refers (Special) to rtexit2.o(.ARM.Collect$$rtexit$$00000002) for __rt_exit_prels_1
    rtexit.o(.ARM.exidx) refers to rtexit.o(.ARM.Collect$$rtexit$$00000000) for .ARM.Collect$$rtexit$$00000000
    __raise.o(.text) refers to defsig.o(CL$$defsig) for __default_signal_handler
    defsig_general.o(.text) refers to sys_wrch.o(.text) for _ttywrch
    libinit5.o(.ARM.Collect$$libinit$$00000008) refers to libinit5.o(.ARM.Collect$$libinit$$00002719) for __lit__00000000
    libinit5.o(.ARM.Collect$$libinit$$00000008) refers (Weak) to init_alloc.o(.text) for _init_alloc
    libinit5.o(.ARM.Collect$$libinit$$0000002A) refers to libinit5.o(.ARM.Collect$$libinit$$0000273B) for __lit__00000002
    libinit5.o(.ARM.Collect$$libinit$$0000002A) refers to argv_veneer.o(.emb_text) for __ARM_argv_veneer
    libshutdown2.o(.ARM.Collect$$libshutdown$$0000000D) refers (Weak) to term_alloc.o(.text) for _terminate_alloc
    sys_wrch.o(.text) refers (Special) to use_no_semi.o(.text) for __I$use$semihosting
    sys_wrch.o(.text) refers (Special) to indicate_semi.o(.text) for __semihosting_library_function
    rtexit2.o(.ARM.Collect$$rtexit$$00000003) refers to libshutdown.o(.ARM.Collect$$libshutdown$$00000000) for __rt_lib_shutdown
    rtexit2.o(.ARM.Collect$$rtexit$$00000004) refers to sys_exit.o(.text) for _sys_exit
    rtexit2.o(.ARM.exidx) refers to rtexit2.o(.ARM.Collect$$rtexit$$00000001) for .ARM.Collect$$rtexit$$00000001
    rtexit2.o(.ARM.exidx) refers to rtexit2.o(.ARM.Collect$$rtexit$$00000003) for .ARM.Collect$$rtexit$$00000003
    rtexit2.o(.ARM.exidx) refers to rtexit2.o(.ARM.Collect$$rtexit$$00000004) for .ARM.Collect$$rtexit$$00000004
    defsig.o(CL$$defsig) refers to defsig_rtmem_inner.o(.text) for __rt_SIGRTMEM_inner
    defsig_abrt_inner.o(.text) refers to defsig_general.o(.text) for __default_signal_display
    defsig_fpe_inner.o(.text) refers to defsig_general.o(.text) for __default_signal_display
    defsig_rtred_inner.o(.text) refers to defsig_general.o(.text) for __default_signal_display
    defsig_stak_inner.o(.text) refers to defsig_general.o(.text) for __default_signal_display
    defsig_pvfn_inner.o(.text) refers to defsig_general.o(.text) for __default_signal_display
    defsig_cppl_inner.o(.text) refers to defsig_general.o(.text) for __default_signal_display
    defsig_segv_inner.o(.text) refers to defsig_general.o(.text) for __default_signal_display
    defsig_other.o(.text) refers to defsig_general.o(.text) for __default_signal_display
    libshutdown.o(.ARM.Collect$$libshutdown$$00000000) refers (Special) to libshutdown2.o(.ARM.Collect$$libshutdown$$00000002) for __rt_lib_shutdown_cpp_1
    libshutdown.o(.ARM.Collect$$libshutdown$$00000000) refers (Special) to libshutdown2.o(.ARM.Collect$$libshutdown$$00000007) for __rt_lib_shutdown_fp_trap_1
    libshutdown.o(.ARM.Collect$$libshutdown$$00000000) refers (Special) to libshutdown2.o(.ARM.Collect$$libshutdown$$0000000F) for __rt_lib_shutdown_heap_1
    libshutdown.o(.ARM.Collect$$libshutdown$$00000000) refers (Special) to libshutdown2.o(.ARM.Collect$$libshutdown$$00000010) for __rt_lib_shutdown_return
    libshutdown.o(.ARM.Collect$$libshutdown$$00000000) refers (Special) to libshutdown2.o(.ARM.Collect$$libshutdown$$0000000A) for __rt_lib_shutdown_signal_1
    libshutdown.o(.ARM.Collect$$libshutdown$$00000000) refers (Special) to libshutdown2.o(.ARM.Collect$$libshutdown$$00000004) for __rt_lib_shutdown_stdio_1
    libshutdown.o(.ARM.Collect$$libshutdown$$00000000) refers (Special) to libshutdown2.o(.ARM.Collect$$libshutdown$$0000000C) for __rt_lib_shutdown_user_alloc_1


==============================================================================

Removing Unused input sections from the image.

    Removing 3140_concur.o(.rev16_text), (4 bytes).
    Removing 3140_concur.o(.revsh_text), (4 bytes).
    Removing 3140_concur.o(.rrx_text), (6 bytes).
    Removing process.o(.rev16_text), (4 bytes).
    Removing process.o(.revsh_text), (4 bytes).
    Removing process.o(.rrx_text), (6 bytes).
    Removing process.o(i.process_create), (90 bytes).
    Removing process.o(i.process_rt_periodic), (144 bytes).
    Removing utils.o(.rev16_text), (4 bytes).
    Removing utils.o(.revsh_text), (4 bytes).
    Removing utils.o(.rrx_text), (6 bytes).
    Removing utils.o(i.LEDBlue_On), (44 bytes).
    Removing utils.o(i.LEDGreen_Toggle), (16 bytes).
    Removing utils.o(i.LEDRed_On), (44 bytes).
    Removing test_r1.o(.rev16_text), (4 bytes).
    Removing test_r1.o(.revsh_text), (4 bytes).
    Removing test_r1.o(.rrx_text), (6 bytes).
    Removing test_r1.o(i.mediumDelay), (12 bytes).
    Removing test_r1.o(i.pNRT), (30 bytes).
    Removing system_mk64f12.o(.rev16_text), (4 bytes).
    Removing system_mk64f12.o(.revsh_text), (4 bytes).
    Removing system_mk64f12.o(.rrx_text), (6 bytes).
    Removing system_mk64f12.o(i.SystemCoreClockUpdate), (452 bytes).
    Removing system_mk64f12.o(.data), (4 bytes).

24 unused section(s) (total 906 bytes) removed from the image.

==============================================================================

Image Symbol Table

    Local Symbols

    Symbol Name                              Value     Ov Type        Size  Object(Section)

    RESET                                    0x00000000   Section     1024  startup_mk64f12.o(RESET)
    ../clib/angel/boardlib.s                 0x00000000   Number         0  boardshut.o ABSOLUTE
    ../clib/angel/boardlib.s                 0x00000000   Number         0  boardinit3.o ABSOLUTE
    ../clib/angel/boardlib.s                 0x00000000   Number         0  boardinit2.o ABSOLUTE
    ../clib/angel/boardlib.s                 0x00000000   Number         0  boardinit1.o ABSOLUTE
    ../clib/angel/handlers.s                 0x00000000   Number         0  __scatter_zi.o ABSOLUTE
    ../clib/angel/handlers.s                 0x00000000   Number         0  __scatter_copy.o ABSOLUTE
    ../clib/angel/kernel.s                   0x00000000   Number         0  __rtentry.o ABSOLUTE
    ../clib/angel/kernel.s                   0x00000000   Number         0  __rtentry7.o ABSOLUTE
    ../clib/angel/kernel.s                   0x00000000   Number         0  __rtentry4.o ABSOLUTE
    ../clib/angel/kernel.s                   0x00000000   Number         0  __rtentry2.o ABSOLUTE
    ../clib/angel/kernel.s                   0x00000000   Number         0  rtexit.o ABSOLUTE
    ../clib/angel/kernel.s                   0x00000000   Number         0  rtexit2.o ABSOLUTE
    ../clib/angel/rt.s                       0x00000000   Number         0  rt_heap_descriptor_intlibspace.o ABSOLUTE
    ../clib/angel/rt.s                       0x00000000   Number         0  rt_heap_descriptor.o ABSOLUTE
    ../clib/angel/rt.s                       0x00000000   Number         0  rt_raise.o ABSOLUTE
    ../clib/angel/scatter.s                  0x00000000   Number         0  __scatter.o ABSOLUTE
    ../clib/angel/startup.s                  0x00000000   Number         0  __main.o ABSOLUTE
    ../clib/angel/sys.s                      0x00000000   Number         0  indicate_semi.o ABSOLUTE
    ../clib/angel/sys.s                      0x00000000   Number         0  sys_stackheap_outer.o ABSOLUTE
    ../clib/angel/sys.s                      0x00000000   Number         0  sys_stackheap.o ABSOLUTE
    ../clib/angel/sys.s                      0x00000000   Number         0  libspace.o ABSOLUTE
    ../clib/angel/sys.s                      0x00000000   Number         0  use_no_semi.o ABSOLUTE
    ../clib/angel/sys.s                      0x00000000   Number         0  mutex_dummy.o ABSOLUTE
    ../clib/angel/sysapp.c                   0x00000000   Number         0  sys_wrch.o ABSOLUTE
    ../clib/angel/sysapp.c                   0x00000000   Number         0  sys_exit.o ABSOLUTE
    ../clib/angel/sysapp.c                   0x00000000   Number         0  sys_command.o ABSOLUTE
    ../clib/armsys.c                         0x00000000   Number         0  _get_argv_nomalloc.o ABSOLUTE
    ../clib/armsys.c                         0x00000000   Number         0  argv_veneer.o ABSOLUTE
    ../clib/armsys.c                         0x00000000   Number         0  argv_veneer.o ABSOLUTE
    ../clib/armsys.c                         0x00000000   Number         0  _get_argv.o ABSOLUTE
    ../clib/armsys.c                         0x00000000   Number         0  no_argv.o ABSOLUTE
    ../clib/heap1.c                          0x00000000   Number         0  h1_extend.o ABSOLUTE
    ../clib/heap1.c                          0x00000000   Number         0  h1_extend_mt.o ABSOLUTE
    ../clib/heap1.c                          0x00000000   Number         0  h1_free_mt.o ABSOLUTE
    ../clib/heap1.c                          0x00000000   Number         0  h1_alloc_mt.o ABSOLUTE
    ../clib/heap1.c                          0x00000000   Number         0  h1_free.o ABSOLUTE
    ../clib/heap1.c                          0x00000000   Number         0  h1_final_mt.o ABSOLUTE
    ../clib/heap1.c                          0x00000000   Number         0  h1_alloc.o ABSOLUTE
    ../clib/heap1.c                          0x00000000   Number         0  h1_final.o ABSOLUTE
    ../clib/heap1.c                          0x00000000   Number         0  h1_init.o ABSOLUTE
    ../clib/heap1.c                          0x00000000   Number         0  h1_init_mt.o ABSOLUTE
    ../clib/heap2.c                          0x00000000   Number         0  heap2mt.o ABSOLUTE
    ../clib/heap2.c                          0x00000000   Number         0  heap2.o ABSOLUTE
    ../clib/heap2.c                          0x00000000   Number         0  fdtree.o ABSOLUTE
    ../clib/heapalloc.c                      0x00000000   Number         0  maybetermalloc2.o ABSOLUTE
    ../clib/heapalloc.c                      0x00000000   Number         0  maybetermalloc1.o ABSOLUTE
    ../clib/heapalloc.c                      0x00000000   Number         0  hrguard.o ABSOLUTE
    ../clib/heapalloc.c                      0x00000000   Number         0  maybetermalloc1.o ABSOLUTE
    ../clib/heapalloc.c                      0x00000000   Number         0  maybetermalloc2.o ABSOLUTE
    ../clib/heapalloc.c                      0x00000000   Number         0  term_alloc.o ABSOLUTE
    ../clib/heapalloc.c                      0x00000000   Number         0  malloc.o ABSOLUTE
    ../clib/heapalloc.c                      0x00000000   Number         0  free.o ABSOLUTE
    ../clib/heapalloc.c                      0x00000000   Number         0  hguard.o ABSOLUTE
    ../clib/heapalloc.c                      0x00000000   Number         0  init_alloc.o ABSOLUTE
    ../clib/heapalloc.c                      0x00000000   Number         0  heapstubs.o ABSOLUTE
    ../clib/heapaux.c                        0x00000000   Number         0  heapauxi.o ABSOLUTE
    ../clib/heapaux.c                        0x00000000   Number         0  heapauxa.o ABSOLUTE
    ../clib/libinit.s                        0x00000000   Number         0  libinit.o ABSOLUTE
    ../clib/libinit.s                        0x00000000   Number         0  libinit2.o ABSOLUTE
    ../clib/libinit.s                        0x00000000   Number         0  libinit5.o ABSOLUTE
    ../clib/libinit.s                        0x00000000   Number         0  libshutdown.o ABSOLUTE
    ../clib/libinit.s                        0x00000000   Number         0  libshutdown2.o ABSOLUTE
    ../clib/memcpset.s                       0x00000000   Number         0  rt_memcpy_w.o ABSOLUTE
    ../clib/signal.c                         0x00000000   Number         0  defsig_pvfn_inner.o ABSOLUTE
    ../clib/signal.c                         0x00000000   Number         0  defsig_cppl_inner.o ABSOLUTE
    ../clib/signal.c                         0x00000000   Number         0  defsig_segv_inner.o ABSOLUTE
    ../clib/signal.c                         0x00000000   Number         0  defsig_other.o ABSOLUTE
    ../clib/signal.c                         0x00000000   Number         0  __raise.o ABSOLUTE
    ../clib/signal.c                         0x00000000   Number         0  defsig_rtred_inner.o ABSOLUTE
    ../clib/signal.c                         0x00000000   Number         0  defsig_rtmem_inner.o ABSOLUTE
    ../clib/signal.c                         0x00000000   Number         0  defsig_exit.o ABSOLUTE
    ../clib/signal.c                         0x00000000   Number         0  defsig_rtmem_formal.o ABSOLUTE
    ../clib/signal.c                         0x00000000   Number         0  defsig_rtmem_outer.o ABSOLUTE
    ../clib/signal.c                         0x00000000   Number         0  defsig_stak_inner.o ABSOLUTE
    ../clib/signal.c                         0x00000000   Number         0  defsig_abrt_inner.o ABSOLUTE
    ../clib/signal.c                         0x00000000   Number         0  defsig_fpe_inner.o ABSOLUTE
    ../clib/signal.c                         0x00000000   Number         0  defsig_general.o ABSOLUTE
    ../clib/signal.s                         0x00000000   Number         0  defsig.o ABSOLUTE
    ../clib/stdlib.c                         0x00000000   Number         0  exit.o ABSOLUTE
    ../fplib/fpinit.s                        0x00000000   Number         0  fpinit.o ABSOLUTE
    3140.s                                   0x00000000   Number         0  3140.o ABSOLUTE
    3140_concur.c                            0x00000000   Number         0  3140_concur.o ABSOLUTE
    3140_concur.c                            0x00000000   Number         0  3140_concur.o ABSOLUTE
    RTE\Device\MK64FN1M0VLL12\startup_MK64F12.s 0x00000000   Number         0  startup_mk64f12.o ABSOLUTE
    RTE\Device\MK64FN1M0VLL12\system_MK64F12.c 0x00000000   Number         0  system_mk64f12.o ABSOLUTE
    RTE\\Device\\MK64FN1M0VLL12\\system_MK64F12.c 0x00000000   Number         0  system_mk64f12.o ABSOLUTE
    dc.s                                     0x00000000   Number         0  dc.o ABSOLUTE
    process.c                                0x00000000   Number         0  process.o ABSOLUTE
    process.c                                0x00000000   Number         0  process.o ABSOLUTE
    test_r1.c                                0x00000000   Number         0  test_r1.o ABSOLUTE
    test_r1.c                                0x00000000   Number         0  test_r1.o ABSOLUTE
    utils.c                                  0x00000000   Number         0  utils.o ABSOLUTE
    utils.c                                  0x00000000   Number         0  utils.o ABSOLUTE
    FlashConfig                              0x00000400   Section       16  startup_mk64f12.o(FlashConfig)
    !!!main                                  0x00000410   Section        8  __main.o(!!!main)
    !!!scatter                               0x00000418   Section       52  __scatter.o(!!!scatter)
    !!handler_copy                           0x0000044c   Section       26  __scatter_copy.o(!!handler_copy)
    !!handler_zi                             0x00000468   Section       28  __scatter_zi.o(!!handler_zi)
    .ARM.Collect$$libinit$$00000000          0x00000484   Section        2  libinit.o(.ARM.Collect$$libinit$$00000000)
    .ARM.Collect$$libinit$$00000002          0x00000486   Section        0  libinit2.o(.ARM.Collect$$libinit$$00000002)
    .ARM.Collect$$libinit$$00000004          0x00000486   Section        0  libinit2.o(.ARM.Collect$$libinit$$00000004)
    .ARM.Collect$$libinit$$00000008          0x00000486   Section        8  libinit5.o(.ARM.Collect$$libinit$$00000008)
    .ARM.Collect$$libinit$$0000000A          0x0000048e   Section        0  libinit2.o(.ARM.Collect$$libinit$$0000000A)
    .ARM.Collect$$libinit$$0000000C          0x0000048e   Section        0  libinit2.o(.ARM.Collect$$libinit$$0000000C)
    .ARM.Collect$$libinit$$0000000E          0x0000048e   Section        0  libinit2.o(.ARM.Collect$$libinit$$0000000E)
    .ARM.Collect$$libinit$$00000011          0x0000048e   Section        0  libinit2.o(.ARM.Collect$$libinit$$00000011)
    .ARM.Collect$$libinit$$00000013          0x0000048e   Section        0  libinit2.o(.ARM.Collect$$libinit$$00000013)
    .ARM.Collect$$libinit$$00000015          0x0000048e   Section        0  libinit2.o(.ARM.Collect$$libinit$$00000015)
    .ARM.Collect$$libinit$$00000017          0x0000048e   Section        0  libinit2.o(.ARM.Collect$$libinit$$00000017)
    .ARM.Collect$$libinit$$00000019          0x0000048e   Section        0  libinit2.o(.ARM.Collect$$libinit$$00000019)
    .ARM.Collect$$libinit$$0000001B          0x0000048e   Section        0  libinit2.o(.ARM.Collect$$libinit$$0000001B)
    .ARM.Collect$$libinit$$0000001D          0x0000048e   Section        0  libinit2.o(.ARM.Collect$$libinit$$0000001D)
    .ARM.Collect$$libinit$$0000001F          0x0000048e   Section        0  libinit2.o(.ARM.Collect$$libinit$$0000001F)
    .ARM.Collect$$libinit$$00000021          0x0000048e   Section        0  libinit2.o(.ARM.Collect$$libinit$$00000021)
    .ARM.Collect$$libinit$$00000023          0x0000048e   Section        0  libinit2.o(.ARM.Collect$$libinit$$00000023)
    .ARM.Collect$$libinit$$00000025          0x0000048e   Section        0  libinit2.o(.ARM.Collect$$libinit$$00000025)
    .ARM.Collect$$libinit$$0000002C          0x0000048e   Section        0  libinit2.o(.ARM.Collect$$libinit$$0000002C)
    .ARM.Collect$$libinit$$0000002E          0x0000048e   Section        0  libinit2.o(.ARM.Collect$$libinit$$0000002E)
    .ARM.Collect$$libinit$$00000030          0x0000048e   Section        0  libinit2.o(.ARM.Collect$$libinit$$00000030)
    .ARM.Collect$$libinit$$00000032          0x0000048e   Section        0  libinit2.o(.ARM.Collect$$libinit$$00000032)
    .ARM.Collect$$libinit$$00000033          0x0000048e   Section        2  libinit2.o(.ARM.Collect$$libinit$$00000033)
    .ARM.Collect$$libinit$$00002719          0x00000490   Section        8  libinit5.o(.ARM.Collect$$libinit$$00002719)
    __lit__00000000                          0x00000490   Data           4  libinit5.o(.ARM.Collect$$libinit$$00002719)
    __lit__00000001                          0x00000494   Data           4  libinit5.o(.ARM.Collect$$libinit$$00002719)
    .ARM.Collect$$libshutdown$$00000000      0x00000498   Section        2  libshutdown.o(.ARM.Collect$$libshutdown$$00000000)
    .ARM.Collect$$libshutdown$$00000002      0x0000049a   Section        0  libshutdown2.o(.ARM.Collect$$libshutdown$$00000002)
    .ARM.Collect$$libshutdown$$00000004      0x0000049a   Section        0  libshutdown2.o(.ARM.Collect$$libshutdown$$00000004)
    .ARM.Collect$$libshutdown$$00000007      0x0000049a   Section        0  libshutdown2.o(.ARM.Collect$$libshutdown$$00000007)
    .ARM.Collect$$libshutdown$$0000000A      0x0000049a   Section        0  libshutdown2.o(.ARM.Collect$$libshutdown$$0000000A)
    .ARM.Collect$$libshutdown$$0000000C      0x0000049a   Section        0  libshutdown2.o(.ARM.Collect$$libshutdown$$0000000C)
    .ARM.Collect$$libshutdown$$0000000F      0x0000049a   Section        0  libshutdown2.o(.ARM.Collect$$libshutdown$$0000000F)
    .ARM.Collect$$libshutdown$$00000010      0x0000049a   Section        2  libshutdown2.o(.ARM.Collect$$libshutdown$$00000010)
    .ARM.Collect$$rtentry$$00000000          0x0000049c   Section        0  __rtentry.o(.ARM.Collect$$rtentry$$00000000)
    .ARM.Collect$$rtentry$$00000002          0x0000049c   Section        0  __rtentry2.o(.ARM.Collect$$rtentry$$00000002)
    .ARM.Collect$$rtentry$$00000007          0x0000049c   Section        4  __rtentry7.o(.ARM.Collect$$rtentry$$00000007)
    .ARM.Collect$$rtentry$$00000009          0x000004a0   Section        0  __rtentry2.o(.ARM.Collect$$rtentry$$00000009)
    .ARM.Collect$$rtentry$$0000000A          0x000004a0   Section        4  __rtentry2.o(.ARM.Collect$$rtentry$$0000000A)
    .ARM.Collect$$rtentry$$0000000C          0x000004a4   Section        0  __rtentry2.o(.ARM.Collect$$rtentry$$0000000C)
    .ARM.Collect$$rtentry$$0000000D          0x000004a4   Section        8  __rtentry2.o(.ARM.Collect$$rtentry$$0000000D)
    .ARM.Collect$$rtentry$$00002718          0x000004ac   Section        4  __rtentry7.o(.ARM.Collect$$rtentry$$00002718)
    __lit__00000000                          0x000004ac   Data           4  __rtentry7.o(.ARM.Collect$$rtentry$$00002718)
    .ARM.Collect$$rtexit$$00000000           0x000004b0   Section        2  rtexit.o(.ARM.Collect$$rtexit$$00000000)
    .ARM.Collect$$rtexit$$00000002           0x000004b2   Section        0  rtexit2.o(.ARM.Collect$$rtexit$$00000002)
    .ARM.Collect$$rtexit$$00000003           0x000004b2   Section        4  rtexit2.o(.ARM.Collect$$rtexit$$00000003)
    .ARM.Collect$$rtexit$$00000004           0x000004b6   Section        6  rtexit2.o(.ARM.Collect$$rtexit$$00000004)
    .emb_text                                0x000004bc   Section        0  maybetermalloc1.o(.emb_text)
    .text                                    0x000004bc   Section      460  startup_mk64f12.o(.text)
    .text                                    0x00000688   Section        0  h1_alloc.o(.text)
    .text                                    0x000006e6   Section        0  h1_free.o(.text)
    .text                                    0x00000734   Section        8  rt_heap_descriptor_intlibspace.o(.text)
    .text                                    0x0000073c   Section        0  hguard.o(.text)
    .text                                    0x00000740   Section        0  init_alloc.o(.text)
    .text                                    0x000007ca   Section        0  h1_init.o(.text)
    .text                                    0x000007d8   Section        0  h1_extend.o(.text)
    .text                                    0x0000080c   Section        0  defsig_rtmem_outer.o(.text)
    .text                                    0x0000081a   Section        2  use_no_semi.o(.text)
    .text                                    0x0000081c   Section        0  indicate_semi.o(.text)
    .text                                    0x0000081c   Section        0  exit.o(.text)
    .text                                    0x0000082e   Section        0  defsig_exit.o(.text)
    .text                                    0x00000838   Section        0  defsig_rtmem_inner.o(.text)
    .text                                    0x00000888   Section        0  sys_exit.o(.text)
    .text                                    0x00000894   Section        0  defsig_general.o(.text)
    .text                                    0x000008c6   Section        0  sys_wrch.o(.text)
    i.LEDBlue_Toggle                         0x000008d4   Section        0  utils.o(i.LEDBlue_Toggle)
    i.LEDGreen_On                            0x000008e4   Section        0  utils.o(i.LEDGreen_On)
    i.LEDRed_Toggle                          0x00000914   Section        0  utils.o(i.LEDRed_Toggle)
    i.LED_Initialize                         0x00000924   Section        0  utils.o(i.LED_Initialize)
    i.LED_Off                                0x0000096c   Section        0  utils.o(i.LED_Off)
    i.PIT1_IRQHandler                        0x00000998   Section        0  process.o(i.PIT1_IRQHandler)
    i.SystemInit                             0x000009e4   Section        0  system_mk64f12.o(i.SystemInit)
    i.SystemInitHook                         0x00000a04   Section        0  system_mk64f12.o(i.SystemInitHook)
    i.__NVIC_EnableIRQ                       0x00000a06   Section        0  process.o(i.__NVIC_EnableIRQ)
    __NVIC_EnableIRQ                         0x00000a07   Thumb Code    26  process.o(i.__NVIC_EnableIRQ)
    i.__NVIC_SetPriority                     0x00000a20   Section        0  process.o(i.__NVIC_SetPriority)
    __NVIC_SetPriority                       0x00000a21   Thumb Code    32  process.o(i.__NVIC_SetPriority)
    i.__get_PRIMASK                          0x00000a48   Section        0  utils.o(i.__get_PRIMASK)
    __get_PRIMASK                            0x00000a49   Thumb Code     6  utils.o(i.__get_PRIMASK)
    i.__set_PRIMASK                          0x00000a4e   Section        0  utils.o(i.__set_PRIMASK)
    __set_PRIMASK                            0x00000a4f   Thumb Code     6  utils.o(i.__set_PRIMASK)
    i.delay                                  0x00000a54   Section        0  utils.o(i.delay)
    i.main                                   0x00000a68   Section        0  test_r1.o(i.main)
    i.pRT1                                   0x00000ae0   Section        0  test_r1.o(i.pRT1)
    i.pRT2                                   0x00000afe   Section        0  test_r1.o(i.pRT2)
    i.pop_front_not_ready_rt                 0x00000b1c   Section        0  process.o(i.pop_front_not_ready_rt)
    pop_front_not_ready_rt                   0x00000b1d   Thumb Code    28  process.o(i.pop_front_not_ready_rt)
    i.pop_front_process                      0x00000b3c   Section        0  process.o(i.pop_front_process)
    pop_front_process                        0x00000b3d   Thumb Code    50  process.o(i.pop_front_process)
    i.pop_front_rt                           0x00000b78   Section        0  process.o(i.pop_front_rt)
    pop_front_rt                             0x00000b79   Thumb Code    28  process.o(i.pop_front_rt)
    i.process_free                           0x00000b98   Section        0  process.o(i.process_free)
    process_free                             0x00000b99   Thumb Code    20  process.o(i.process_free)
    i.process_rt_create                      0x00000bac   Section        0  process.o(i.process_rt_create)
    i.process_select                         0x00000c38   Section        0  process.o(i.process_select)
    i.process_stack_free                     0x00000e90   Section        0  3140_concur.o(i.process_stack_free)
    i.process_stack_init                     0x00000ea4   Section        0  3140_concur.o(i.process_stack_init)
    i.process_stack_reinit                   0x00000f04   Section        0  process.o(i.process_stack_reinit)
    i.process_start                          0x00000f2c   Section        0  process.o(i.process_start)
    i.push_rt_Nready                         0x00000fb0   Section        0  process.o(i.push_rt_Nready)
    push_rt_Nready                           0x00000fb1   Thumb Code    96  process.o(i.push_rt_Nready)
    i.push_rt_ready                          0x00001014   Section        0  process.o(i.push_rt_ready)
    push_rt_ready                            0x00001015   Thumb Code    96  process.o(i.push_rt_ready)
    i.push_tail_process                      0x00001078   Section        0  process.o(i.push_tail_process)
    push_tail_process                        0x00001079   Thumb Code    32  process.o(i.push_tail_process)
    i.shortDelay                             0x000010a0   Section        0  test_r1.o(i.shortDelay)
    myProg                                   0x000010a8   Section      124  3140.o(myProg)
    SVC0_begin                               0x000010c1   Thumb Code     0  3140.o(myProg)
    SVC1_terminate                           0x000010cb   Thumb Code     0  3140.o(myProg)
    .data                                    0x20000000   Section       36  process.o(.data)
    .data                                    0x20000024   Section       32  test_r1.o(.data)
    myData                                   0x20000044   Section        4  3140.o(myData)
    OrigStackPointer                         0x20000044   Data           4  3140.o(myData)
    .bss                                     0x20000048   Section       96  libspace.o(.bss)

    Global Symbols

    Symbol Name                              Value     Ov Type        Size  Object(Section)

    BuildAttributes$$THM_ISAv4$E$P$D$K$B$S$7EM$PE$A:L22UL41UL21$X:L11$S22US41US21$IEEE1$IW$USESV6$~STKCKD$USESV7$~SHL$OTIME$ROPI$EBA8$UX$STANDARDLIB$REQ8$PRES8$EABIv2 0x00000000   Number         0  anon$$obj.o ABSOLUTE
    __ARM_use_no_argv                        0x00000000   Number         0  test_r1.o ABSOLUTE
    __Vectors                                0x00000000   Data           4  startup_mk64f12.o(RESET)
    Image$$ZI$$Limit                          - Undefined Weak Reference
    __ARM_exceptions_init                     - Undefined Weak Reference
    __alloca_initialize                       - Undefined Weak Reference
    __arm_preinit_                            - Undefined Weak Reference
    __cpp_initialize__aeabi_                  - Undefined Weak Reference
    __cxa_finalize                            - Undefined Weak Reference
    __rt_locale                               - Undefined Weak Reference
    __sigvec_lookup                           - Undefined Weak Reference
    __user_heap_extent                        - Undefined Weak Reference
    _atexit_init                              - Undefined Weak Reference
    _call_atexit_fns                          - Undefined Weak Reference
    _clock_init                               - Undefined Weak Reference
    _fp_trap_init                             - Undefined Weak Reference
    _fp_trap_shutdown                         - Undefined Weak Reference
    _get_lc_collate                           - Undefined Weak Reference
    _get_lc_ctype                             - Undefined Weak Reference
    _get_lc_monetary                          - Undefined Weak Reference
    _get_lc_numeric                           - Undefined Weak Reference
    _get_lc_time                              - Undefined Weak Reference
    _getenv_init                              - Undefined Weak Reference
    _handle_redirection                       - Undefined Weak Reference
    _initio                                   - Undefined Weak Reference
    _mutex_acquire                            - Undefined Weak Reference
    _mutex_free                               - Undefined Weak Reference
    _mutex_release                            - Undefined Weak Reference
    _rand_init                                - Undefined Weak Reference
    _signal_finish                            - Undefined Weak Reference
    _signal_init                              - Undefined Weak Reference
    _terminateio                              - Undefined Weak Reference
    __Vectors_End                            0x00000400   Data           0  startup_mk64f12.o(RESET)
    __Vectors_Size                           0x00000400   Number         0  startup_mk64f12.o ABSOLUTE
    __main                                   0x00000411   Thumb Code     8  __main.o(!!!main)
    __scatterload                            0x00000419   Thumb Code     0  __scatter.o(!!!scatter)
    __scatterload_rt2                        0x00000419   Thumb Code    44  __scatter.o(!!!scatter)
    __scatterload_rt2_thumb_only             0x00000419   Thumb Code     0  __scatter.o(!!!scatter)
    __scatterload_null                       0x00000427   Thumb Code     0  __scatter.o(!!!scatter)
    __scatterload_copy                       0x0000044d   Thumb Code    26  __scatter_copy.o(!!handler_copy)
    __scatterload_zeroinit                   0x00000469   Thumb Code    28  __scatter_zi.o(!!handler_zi)
    __rt_lib_init                            0x00000485   Thumb Code     0  libinit.o(.ARM.Collect$$libinit$$00000000)
    __rt_lib_init_fp_1                       0x00000487   Thumb Code     0  libinit2.o(.ARM.Collect$$libinit$$00000002)
    __rt_lib_init_heap_2                     0x00000487   Thumb Code     0  libinit5.o(.ARM.Collect$$libinit$$00000008)
    __rt_lib_init_preinit_1                  0x00000487   Thumb Code     0  libinit2.o(.ARM.Collect$$libinit$$00000004)
    __rt_lib_init_alloca_1                   0x0000048f   Thumb Code     0  libinit2.o(.ARM.Collect$$libinit$$0000002E)
    __rt_lib_init_argv_1                     0x0000048f   Thumb Code     0  libinit2.o(.ARM.Collect$$libinit$$0000002C)
    __rt_lib_init_atexit_1                   0x0000048f   Thumb Code     0  libinit2.o(.ARM.Collect$$libinit$$0000001B)
    __rt_lib_init_clock_1                    0x0000048f   Thumb Code     0  libinit2.o(.ARM.Collect$$libinit$$00000021)
    __rt_lib_init_cpp_1                      0x0000048f   Thumb Code     0  libinit2.o(.ARM.Collect$$libinit$$00000032)
    __rt_lib_init_exceptions_1               0x0000048f   Thumb Code     0  libinit2.o(.ARM.Collect$$libinit$$00000030)
    __rt_lib_init_fp_trap_1                  0x0000048f   Thumb Code     0  libinit2.o(.ARM.Collect$$libinit$$0000001F)
    __rt_lib_init_getenv_1                   0x0000048f   Thumb Code     0  libinit2.o(.ARM.Collect$$libinit$$00000023)
    __rt_lib_init_heap_1                     0x0000048f   Thumb Code     0  libinit2.o(.ARM.Collect$$libinit$$0000000A)
    __rt_lib_init_lc_collate_1               0x0000048f   Thumb Code     0  libinit2.o(.ARM.Collect$$libinit$$00000011)
    __rt_lib_init_lc_ctype_1                 0x0000048f   Thumb Code     0  libinit2.o(.ARM.Collect$$libinit$$00000013)
    __rt_lib_init_lc_monetary_1              0x0000048f   Thumb Code     0  libinit2.o(.ARM.Collect$$libinit$$00000015)
    __rt_lib_init_lc_numeric_1               0x0000048f   Thumb Code     0  libinit2.o(.ARM.Collect$$libinit$$00000017)
    __rt_lib_init_lc_time_1                  0x0000048f   Thumb Code     0  libinit2.o(.ARM.Collect$$libinit$$00000019)
    __rt_lib_init_rand_1                     0x0000048f   Thumb Code     0  libinit2.o(.ARM.Collect$$libinit$$0000000E)
    __rt_lib_init_return                     0x0000048f   Thumb Code     0  libinit2.o(.ARM.Collect$$libinit$$00000033)
    __rt_lib_init_signal_1                   0x0000048f   Thumb Code     0  libinit2.o(.ARM.Collect$$libinit$$0000001D)
    __rt_lib_init_stdio_1                    0x0000048f   Thumb Code     0  libinit2.o(.ARM.Collect$$libinit$$00000025)
    __rt_lib_init_user_alloc_1               0x0000048f   Thumb Code     0  libinit2.o(.ARM.Collect$$libinit$$0000000C)
    __rt_lib_shutdown                        0x00000499   Thumb Code     0  libshutdown.o(.ARM.Collect$$libshutdown$$00000000)
    __rt_lib_shutdown_cpp_1                  0x0000049b   Thumb Code     0  libshutdown2.o(.ARM.Collect$$libshutdown$$00000002)
    __rt_lib_shutdown_fp_trap_1              0x0000049b   Thumb Code     0  libshutdown2.o(.ARM.Collect$$libshutdown$$00000007)
    __rt_lib_shutdown_heap_1                 0x0000049b   Thumb Code     0  libshutdown2.o(.ARM.Collect$$libshutdown$$0000000F)
    __rt_lib_shutdown_return                 0x0000049b   Thumb Code     0  libshutdown2.o(.ARM.Collect$$libshutdown$$00000010)
    __rt_lib_shutdown_signal_1               0x0000049b   Thumb Code     0  libshutdown2.o(.ARM.Collect$$libshutdown$$0000000A)
    __rt_lib_shutdown_stdio_1                0x0000049b   Thumb Code     0  libshutdown2.o(.ARM.Collect$$libshutdown$$00000004)
    __rt_lib_shutdown_user_alloc_1           0x0000049b   Thumb Code     0  libshutdown2.o(.ARM.Collect$$libshutdown$$0000000C)
    __rt_entry                               0x0000049d   Thumb Code     0  __rtentry.o(.ARM.Collect$$rtentry$$00000000)
    __rt_entry_presh_1                       0x0000049d   Thumb Code     0  __rtentry2.o(.ARM.Collect$$rtentry$$00000002)
    __rt_entry_sh                            0x0000049d   Thumb Code     0  __rtentry7.o(.ARM.Collect$$rtentry$$00000007)
    __rt_entry_li                            0x000004a1   Thumb Code     0  __rtentry2.o(.ARM.Collect$$rtentry$$0000000A)
    __rt_entry_postsh_1                      0x000004a1   Thumb Code     0  __rtentry2.o(.ARM.Collect$$rtentry$$00000009)
    __rt_entry_main                          0x000004a5   Thumb Code     0  __rtentry2.o(.ARM.Collect$$rtentry$$0000000D)
    __rt_entry_postli_1                      0x000004a5   Thumb Code     0  __rtentry2.o(.ARM.Collect$$rtentry$$0000000C)
    __rt_exit                                0x000004b1   Thumb Code     0  rtexit.o(.ARM.Collect$$rtexit$$00000000)
    __rt_exit_ls                             0x000004b3   Thumb Code     0  rtexit2.o(.ARM.Collect$$rtexit$$00000003)
    __rt_exit_prels_1                        0x000004b3   Thumb Code     0  rtexit2.o(.ARM.Collect$$rtexit$$00000002)
    __rt_exit_exit                           0x000004b7   Thumb Code     0  rtexit2.o(.ARM.Collect$$rtexit$$00000004)
    Reset_Handler                            0x000004bd   Thumb Code    24  startup_mk64f12.o(.text)
    _maybe_terminate_alloc                   0x000004bd   Thumb Code     0  maybetermalloc1.o(.emb_text)
    NMI_Handler                              0x000004d5   Thumb Code     2  startup_mk64f12.o(.text)
    HardFault_Handler                        0x000004d7   Thumb Code     2  startup_mk64f12.o(.text)
    MemManage_Handler                        0x000004d9   Thumb Code     2  startup_mk64f12.o(.text)
    BusFault_Handler                         0x000004db   Thumb Code     2  startup_mk64f12.o(.text)
    UsageFault_Handler                       0x000004dd   Thumb Code     2  startup_mk64f12.o(.text)
    DebugMon_Handler                         0x000004e1   Thumb Code     2  startup_mk64f12.o(.text)
    PendSV_Handler                           0x000004e3   Thumb Code     2  startup_mk64f12.o(.text)
    SysTick_Handler                          0x000004e5   Thumb Code     2  startup_mk64f12.o(.text)
    DMA0_IRQHandler                          0x000004e7   Thumb Code     4  startup_mk64f12.o(.text)
    DMA1_IRQHandler                          0x000004eb   Thumb Code     4  startup_mk64f12.o(.text)
    DMA2_IRQHandler                          0x000004ef   Thumb Code     4  startup_mk64f12.o(.text)
    DMA3_IRQHandler                          0x000004f3   Thumb Code     4  startup_mk64f12.o(.text)
    DMA4_IRQHandler                          0x000004f7   Thumb Code     4  startup_mk64f12.o(.text)
    DMA5_IRQHandler                          0x000004fb   Thumb Code     4  startup_mk64f12.o(.text)
    DMA6_IRQHandler                          0x000004ff   Thumb Code     4  startup_mk64f12.o(.text)
    DMA7_IRQHandler                          0x00000503   Thumb Code     4  startup_mk64f12.o(.text)
    DMA8_IRQHandler                          0x00000507   Thumb Code     4  startup_mk64f12.o(.text)
    DMA9_IRQHandler                          0x0000050b   Thumb Code     4  startup_mk64f12.o(.text)
    DMA10_IRQHandler                         0x0000050f   Thumb Code     4  startup_mk64f12.o(.text)
    DMA11_IRQHandler                         0x00000513   Thumb Code     4  startup_mk64f12.o(.text)
    DMA12_IRQHandler                         0x00000517   Thumb Code     4  startup_mk64f12.o(.text)
    DMA13_IRQHandler                         0x0000051b   Thumb Code     4  startup_mk64f12.o(.text)
    DMA14_IRQHandler                         0x0000051f   Thumb Code     4  startup_mk64f12.o(.text)
    DMA15_IRQHandler                         0x00000523   Thumb Code     4  startup_mk64f12.o(.text)
    DMA_Error_IRQHandler                     0x00000527   Thumb Code     4  startup_mk64f12.o(.text)
    I2C0_IRQHandler                          0x0000052b   Thumb Code     4  startup_mk64f12.o(.text)
    I2C1_IRQHandler                          0x0000052f   Thumb Code     4  startup_mk64f12.o(.text)
    SPI0_IRQHandler                          0x00000533   Thumb Code     4  startup_mk64f12.o(.text)
    SPI1_IRQHandler                          0x00000537   Thumb Code     4  startup_mk64f12.o(.text)
    I2S0_Tx_IRQHandler                       0x0000053b   Thumb Code     4  startup_mk64f12.o(.text)
    I2S0_Rx_IRQHandler                       0x0000053f   Thumb Code     4  startup_mk64f12.o(.text)
    UART0_LON_IRQHandler                     0x00000543   Thumb Code     4  startup_mk64f12.o(.text)
    UART0_RX_TX_IRQHandler                   0x00000547   Thumb Code     4  startup_mk64f12.o(.text)
    UART0_ERR_IRQHandler                     0x0000054b   Thumb Code     4  startup_mk64f12.o(.text)
    UART1_RX_TX_IRQHandler                   0x0000054f   Thumb Code     4  startup_mk64f12.o(.text)
    UART1_ERR_IRQHandler                     0x00000553   Thumb Code     4  startup_mk64f12.o(.text)
    UART2_RX_TX_IRQHandler                   0x00000557   Thumb Code     4  startup_mk64f12.o(.text)
    UART2_ERR_IRQHandler                     0x0000055b   Thumb Code     4  startup_mk64f12.o(.text)
    UART3_RX_TX_IRQHandler                   0x0000055f   Thumb Code     4  startup_mk64f12.o(.text)
    UART3_ERR_IRQHandler                     0x00000563   Thumb Code     4  startup_mk64f12.o(.text)
    SPI2_IRQHandler                          0x00000567   Thumb Code     4  startup_mk64f12.o(.text)
    UART4_RX_TX_IRQHandler                   0x0000056b   Thumb Code     4  startup_mk64f12.o(.text)
    UART4_ERR_IRQHandler                     0x0000056f   Thumb Code     4  startup_mk64f12.o(.text)
    UART5_RX_TX_IRQHandler                   0x00000573   Thumb Code     4  startup_mk64f12.o(.text)
    UART5_ERR_IRQHandler                     0x00000577   Thumb Code     4  startup_mk64f12.o(.text)
    I2C2_IRQHandler                          0x0000057b   Thumb Code     4  startup_mk64f12.o(.text)
    CAN0_ORed_Message_buffer_IRQHandler      0x0000057f   Thumb Code     4  startup_mk64f12.o(.text)
    CAN0_Bus_Off_IRQHandler                  0x00000583   Thumb Code     4  startup_mk64f12.o(.text)
    CAN0_Error_IRQHandler                    0x00000587   Thumb Code     4  startup_mk64f12.o(.text)
    CAN0_Tx_Warning_IRQHandler               0x0000058b   Thumb Code     4  startup_mk64f12.o(.text)
    CAN0_Rx_Warning_IRQHandler               0x0000058f   Thumb Code     4  startup_mk64f12.o(.text)
    CAN0_Wake_Up_IRQHandler                  0x00000593   Thumb Code     4  startup_mk64f12.o(.text)
    SDHC_IRQHandler                          0x00000597   Thumb Code     4  startup_mk64f12.o(.text)
    ENET_1588_Timer_IRQHandler               0x0000059b   Thumb Code     4  startup_mk64f12.o(.text)
    ENET_Transmit_IRQHandler                 0x0000059f   Thumb Code     4  startup_mk64f12.o(.text)
    ENET_Receive_IRQHandler                  0x000005a3   Thumb Code     4  startup_mk64f12.o(.text)
    ENET_Error_IRQHandler                    0x000005a7   Thumb Code     4  startup_mk64f12.o(.text)
    ADC0_IRQHandler                          0x000005ab   Thumb Code     0  startup_mk64f12.o(.text)
    ADC1_IRQHandler                          0x000005ab   Thumb Code     0  startup_mk64f12.o(.text)
    CAN0_DriverIRQHandler                    0x000005ab   Thumb Code     0  startup_mk64f12.o(.text)
    CMP0_IRQHandler                          0x000005ab   Thumb Code     0  startup_mk64f12.o(.text)
    CMP1_IRQHandler                          0x000005ab   Thumb Code     0  startup_mk64f12.o(.text)
    CMP2_IRQHandler                          0x000005ab   Thumb Code     0  startup_mk64f12.o(.text)
    CMT_IRQHandler                           0x000005ab   Thumb Code     0  startup_mk64f12.o(.text)
    DAC0_IRQHandler                          0x000005ab   Thumb Code     0  startup_mk64f12.o(.text)
    DAC1_IRQHandler                          0x000005ab   Thumb Code     0  startup_mk64f12.o(.text)
    DMA0_DriverIRQHandler                    0x000005ab   Thumb Code     0  startup_mk64f12.o(.text)
    DMA10_DriverIRQHandler                   0x000005ab   Thumb Code     0  startup_mk64f12.o(.text)
    DMA11_DriverIRQHandler                   0x000005ab   Thumb Code     0  startup_mk64f12.o(.text)
    DMA12_DriverIRQHandler                   0x000005ab   Thumb Code     0  startup_mk64f12.o(.text)
    DMA13_DriverIRQHandler                   0x000005ab   Thumb Code     0  startup_mk64f12.o(.text)
    DMA14_DriverIRQHandler                   0x000005ab   Thumb Code     0  startup_mk64f12.o(.text)
    DMA15_DriverIRQHandler                   0x000005ab   Thumb Code     0  startup_mk64f12.o(.text)
    DMA1_DriverIRQHandler                    0x000005ab   Thumb Code     0  startup_mk64f12.o(.text)
    DMA2_DriverIRQHandler                    0x000005ab   Thumb Code     0  startup_mk64f12.o(.text)
    DMA3_DriverIRQHandler                    0x000005ab   Thumb Code     0  startup_mk64f12.o(.text)
    DMA4_DriverIRQHandler                    0x000005ab   Thumb Code     0  startup_mk64f12.o(.text)
    DMA5_DriverIRQHandler                    0x000005ab   Thumb Code     0  startup_mk64f12.o(.text)
    DMA6_DriverIRQHandler                    0x000005ab   Thumb Code     0  startup_mk64f12.o(.text)
    DMA7_DriverIRQHandler                    0x000005ab   Thumb Code     0  startup_mk64f12.o(.text)
    DMA8_DriverIRQHandler                    0x000005ab   Thumb Code     0  startup_mk64f12.o(.text)
    DMA9_DriverIRQHandler                    0x000005ab   Thumb Code     0  startup_mk64f12.o(.text)
    DMA_Error_DriverIRQHandler               0x000005ab   Thumb Code     0  startup_mk64f12.o(.text)
    DefaultISR                               0x000005ab   Thumb Code     0  startup_mk64f12.o(.text)
    ENET_1588_Timer_DriverIRQHandler         0x000005ab   Thumb Code     0  startup_mk64f12.o(.text)
    ENET_Error_DriverIRQHandler              0x000005ab   Thumb Code     0  startup_mk64f12.o(.text)
    ENET_Receive_DriverIRQHandler            0x000005ab   Thumb Code     0  startup_mk64f12.o(.text)
    ENET_Transmit_DriverIRQHandler           0x000005ab   Thumb Code     0  startup_mk64f12.o(.text)
    FTFE_IRQHandler                          0x000005ab   Thumb Code     0  startup_mk64f12.o(.text)
    FTM0_IRQHandler                          0x000005ab   Thumb Code     0  startup_mk64f12.o(.text)
    FTM1_IRQHandler                          0x000005ab   Thumb Code     0  startup_mk64f12.o(.text)
    FTM2_IRQHandler                          0x000005ab   Thumb Code     0  startup_mk64f12.o(.text)
    FTM3_IRQHandler                          0x000005ab   Thumb Code     0  startup_mk64f12.o(.text)
    I2C0_DriverIRQHandler                    0x000005ab   Thumb Code     0  startup_mk64f12.o(.text)
    I2C1_DriverIRQHandler                    0x000005ab   Thumb Code     0  startup_mk64f12.o(.text)
    I2C2_DriverIRQHandler                    0x000005ab   Thumb Code     0  startup_mk64f12.o(.text)
    I2S0_Rx_DriverIRQHandler                 0x000005ab   Thumb Code     0  startup_mk64f12.o(.text)
    I2S0_Tx_DriverIRQHandler                 0x000005ab   Thumb Code     0  startup_mk64f12.o(.text)
    LLWU_IRQHandler                          0x000005ab   Thumb Code     0  startup_mk64f12.o(.text)
    LPTMR0_IRQHandler                        0x000005ab   Thumb Code     0  startup_mk64f12.o(.text)
    LVD_LVW_IRQHandler                       0x000005ab   Thumb Code     0  startup_mk64f12.o(.text)
    MCG_IRQHandler                           0x000005ab   Thumb Code     0  startup_mk64f12.o(.text)
    MCM_IRQHandler                           0x000005ab   Thumb Code     0  startup_mk64f12.o(.text)
    PDB0_IRQHandler                          0x000005ab   Thumb Code     0  startup_mk64f12.o(.text)
    PIT2_IRQHandler                          0x000005ab   Thumb Code     0  startup_mk64f12.o(.text)
    PIT3_IRQHandler                          0x000005ab   Thumb Code     0  startup_mk64f12.o(.text)
    PORTA_IRQHandler                         0x000005ab   Thumb Code     0  startup_mk64f12.o(.text)
    PORTB_IRQHandler                         0x000005ab   Thumb Code     0  startup_mk64f12.o(.text)
    PORTC_IRQHandler                         0x000005ab   Thumb Code     0  startup_mk64f12.o(.text)
    PORTD_IRQHandler                         0x000005ab   Thumb Code     0  startup_mk64f12.o(.text)
    PORTE_IRQHandler                         0x000005ab   Thumb Code     0  startup_mk64f12.o(.text)
    RNG_IRQHandler                           0x000005ab   Thumb Code     0  startup_mk64f12.o(.text)
    RTC_IRQHandler                           0x000005ab   Thumb Code     0  startup_mk64f12.o(.text)
    RTC_Seconds_IRQHandler                   0x000005ab   Thumb Code     0  startup_mk64f12.o(.text)
    Read_Collision_IRQHandler                0x000005ab   Thumb Code     0  startup_mk64f12.o(.text)
    Reserved71_IRQHandler                    0x000005ab   Thumb Code     0  startup_mk64f12.o(.text)
    SDHC_DriverIRQHandler                    0x000005ab   Thumb Code     0  startup_mk64f12.o(.text)
    SPI0_DriverIRQHandler                    0x000005ab   Thumb Code     0  startup_mk64f12.o(.text)
    SPI1_DriverIRQHandler                    0x000005ab   Thumb Code     0  startup_mk64f12.o(.text)
    SPI2_DriverIRQHandler                    0x000005ab   Thumb Code     0  startup_mk64f12.o(.text)
    SWI_IRQHandler                           0x000005ab   Thumb Code     0  startup_mk64f12.o(.text)
    UART0_ERR_DriverIRQHandler               0x000005ab   Thumb Code     0  startup_mk64f12.o(.text)
    UART0_LON_DriverIRQHandler               0x000005ab   Thumb Code     0  startup_mk64f12.o(.text)
    UART0_RX_TX_DriverIRQHandler             0x000005ab   Thumb Code     0  startup_mk64f12.o(.text)
    UART1_ERR_DriverIRQHandler               0x000005ab   Thumb Code     0  startup_mk64f12.o(.text)
    UART1_RX_TX_DriverIRQHandler             0x000005ab   Thumb Code     0  startup_mk64f12.o(.text)
    UART2_ERR_DriverIRQHandler               0x000005ab   Thumb Code     0  startup_mk64f12.o(.text)
    UART2_RX_TX_DriverIRQHandler             0x000005ab   Thumb Code     0  startup_mk64f12.o(.text)
    UART3_ERR_DriverIRQHandler               0x000005ab   Thumb Code     0  startup_mk64f12.o(.text)
    UART3_RX_TX_DriverIRQHandler             0x000005ab   Thumb Code     0  startup_mk64f12.o(.text)
    UART4_ERR_DriverIRQHandler               0x000005ab   Thumb Code     0  startup_mk64f12.o(.text)
    UART4_RX_TX_DriverIRQHandler             0x000005ab   Thumb Code     0  startup_mk64f12.o(.text)
    UART5_ERR_DriverIRQHandler               0x000005ab   Thumb Code     0  startup_mk64f12.o(.text)
    UART5_RX_TX_DriverIRQHandler             0x000005ab   Thumb Code     0  startup_mk64f12.o(.text)
    USB0_IRQHandler                          0x000005ab   Thumb Code     0  startup_mk64f12.o(.text)
    USBDCD_IRQHandler                        0x000005ab   Thumb Code     0  startup_mk64f12.o(.text)
    WDOG_EWM_IRQHandler                      0x000005ab   Thumb Code     0  startup_mk64f12.o(.text)
    malloc                                   0x00000689   Thumb Code    94  h1_alloc.o(.text)
    free                                     0x000006e7   Thumb Code    78  h1_free.o(.text)
    __rt_heap_descriptor                     0x00000735   Thumb Code     8  rt_heap_descriptor_intlibspace.o(.text)
    __use_no_heap                            0x0000073d   Thumb Code     2  hguard.o(.text)
    __heap$guard                             0x0000073f   Thumb Code     2  hguard.o(.text)
    _terminate_user_alloc                    0x00000741   Thumb Code     2  init_alloc.o(.text)
    _init_user_alloc                         0x00000743   Thumb Code     2  init_alloc.o(.text)
    __Heap_Full                              0x00000745   Thumb Code    34  init_alloc.o(.text)
    __Heap_Broken                            0x00000767   Thumb Code     6  init_alloc.o(.text)
    _init_alloc                              0x0000076d   Thumb Code    94  init_alloc.o(.text)
    __Heap_Initialize                        0x000007cb   Thumb Code    10  h1_init.o(.text)
    __Heap_DescSize                          0x000007d5   Thumb Code     4  h1_init.o(.text)
    __Heap_ProvideMemory                     0x000007d9   Thumb Code    52  h1_extend.o(.text)
    __rt_SIGRTMEM                            0x0000080d   Thumb Code    14  defsig_rtmem_outer.o(.text)
    __I$use$semihosting                      0x0000081b   Thumb Code     0  use_no_semi.o(.text)
    __use_no_semihosting_swi                 0x0000081b   Thumb Code     2  use_no_semi.o(.text)
    __semihosting_library_function           0x0000081d   Thumb Code     0  indicate_semi.o(.text)
    exit                                     0x0000081d   Thumb Code    18  exit.o(.text)
    __sig_exit                               0x0000082f   Thumb Code    10  defsig_exit.o(.text)
    __rt_SIGRTMEM_inner                      0x00000839   Thumb Code    22  defsig_rtmem_inner.o(.text)
    _sys_exit                                0x00000889   Thumb Code     8  sys_exit.o(.text)
    __default_signal_display                 0x00000895   Thumb Code    50  defsig_general.o(.text)
    _ttywrch                                 0x000008c7   Thumb Code    14  sys_wrch.o(.text)
    LEDBlue_Toggle                           0x000008d5   Thumb Code    10  utils.o(i.LEDBlue_Toggle)
    LEDGreen_On                              0x000008e5   Thumb Code    38  utils.o(i.LEDGreen_On)
    LEDRed_Toggle                            0x00000915   Thumb Code    10  utils.o(i.LEDRed_Toggle)
    LED_Initialize                           0x00000925   Thumb Code    50  utils.o(i.LED_Initialize)
    LED_Off                                  0x0000096d   Thumb Code    36  utils.o(i.LED_Off)
    PIT1_IRQHandler                          0x00000999   Thumb Code    62  process.o(i.PIT1_IRQHandler)
    SystemInit                               0x000009e5   Thumb Code    28  system_mk64f12.o(i.SystemInit)
    SystemInitHook                           0x00000a05   Thumb Code     2  system_mk64f12.o(i.SystemInitHook)
    delay                                    0x00000a55   Thumb Code    14  utils.o(i.delay)
    main                                     0x00000a69   Thumb Code   100  test_r1.o(i.main)
    pRT1                                     0x00000ae1   Thumb Code    30  test_r1.o(i.pRT1)
    pRT2                                     0x00000aff   Thumb Code    30  test_r1.o(i.pRT2)
    process_rt_create                        0x00000bad   Thumb Code   140  process.o(i.process_rt_create)
    process_select                           0x00000c39   Thumb Code   570  process.o(i.process_select)
    process_stack_free                       0x00000e91   Thumb Code    18  3140_concur.o(i.process_stack_free)
    process_stack_init                       0x00000ea5   Thumb Code    90  3140_concur.o(i.process_stack_init)
    process_stack_reinit                     0x00000f05   Thumb Code    34  process.o(i.process_stack_reinit)
    process_start                            0x00000f2d   Thumb Code   112  process.o(i.process_start)
    shortDelay                               0x000010a1   Thumb Code     8  test_r1.o(i.shortDelay)
    SVC_Handler                              0x000010a9   Thumb Code     0  3140.o(myProg)
    process_terminated                       0x000010cf   Thumb Code     0  3140.o(myProg)
    process_begin                            0x000010d3   Thumb Code     0  3140.o(myProg)
    process_blocked                          0x000010d9   Thumb Code     0  3140.o(myProg)
    PIT0_IRQHandler                          0x000010df   Thumb Code     0  3140.o(myProg)
    Region$$Table$$Base                      0x00001124   Number         0  anon$$obj.o(Region$$Table)
    Region$$Table$$Limit                     0x00001144   Number         0  anon$$obj.o(Region$$Table)
    current_time                             0x20000000   Data           8  process.o(.data)
    process_deadline_met                     0x20000008   Data           4  process.o(.data)
    process_deadline_miss                    0x2000000c   Data           4  process.o(.data)
    current_process                          0x20000010   Data           4  process.o(.data)
    process_queue                            0x20000014   Data           4  process.o(.data)
    process_tail                             0x20000018   Data           4  process.o(.data)
    ready_realtime                           0x2000001c   Data           4  process.o(.data)
    not_ready_realtime                       0x20000020   Data           4  process.o(.data)
    t_2sec                                   0x20000024   Data           8  test_r1.o(.data)
    t_10sec                                  0x2000002c   Data           8  test_r1.o(.data)
    t_15sec                                  0x20000034   Data           8  test_r1.o(.data)
    t_pRT1                                   0x2000003c   Data           8  test_r1.o(.data)
    __libspace_start                         0x20000048   Data          96  libspace.o(.bss)
    Image$$ARM_LIB_HEAP$$ZI$$Base            0x200000a8   Number         0  anon$$obj.o ABSOLUTE
    __temporary_stack_top$libspace           0x200000a8   Data           0  libspace.o(.bss)
    Image$$ARM_LIB_HEAP$$ZI$$Limit           0x200004a8   Number         0  anon$$obj.o ABSOLUTE
    Image$$ARM_LIB_STACK$$ZI$$Limit          0x20020000   Number         0  anon$$obj.o ABSOLUTE



==============================================================================

Memory Map of the image

  Image Entry point : 0x00000411

  Load Region LR_m_text (Base: 0x00000000, Size: 0x0000118c, Max: 0x00080000, ABSOLUTE)

    Execution Region VECTOR_ROM (Exec base: 0x00000000, Load base: 0x00000000, Size: 0x00000400, Max: 0x00000400, ABSOLUTE)

    Exec Addr    Load Addr    Size         Type   Attr      Idx    E Section Name        Object

    0x00000000   0x00000000   0x00000400   Data   RO          343    RESET               startup_mk64f12.o


    Execution Region ER_m_flash_config (Exec base: 0x00000400, Load base: 0x00000400, Size: 0x00000010, Max: 0x00000010, ABSOLUTE, FIXED)

    Exec Addr    Load Addr    Size         Type   Attr      Idx    E Section Name        Object

    0x00000400   0x00000400   0x00000010   Data   RO          344    FlashConfig         startup_mk64f12.o


    Execution Region ER_m_text (Exec base: 0x00000410, Load base: 0x00000410, Size: 0x00000d34, Max: 0x0007fbf0, ABSOLUTE)

    Exec Addr    Load Addr    Size         Type   Attr      Idx    E Section Name        Object

    0x00000410   0x00000410   0x00000008   Code   RO          468  * !!!main             c_w.l(__main.o)
    0x00000418   0x00000418   0x00000034   Code   RO          684    !!!scatter          c_w.l(__scatter.o)
    0x0000044c   0x0000044c   0x0000001a   Code   RO          686    !!handler_copy      c_w.l(__scatter_copy.o)
    0x00000466   0x00000466   0x00000002   PAD
    0x00000468   0x00000468   0x0000001c   Code   RO          688    !!handler_zi        c_w.l(__scatter_zi.o)
    0x00000484   0x00000484   0x00000002   Code   RO          617    .ARM.Collect$$libinit$$00000000  c_w.l(libinit.o)
    0x00000486   0x00000486   0x00000000   Code   RO          503    .ARM.Collect$$libinit$$00000002  c_w.l(libinit2.o)
    0x00000486   0x00000486   0x00000000   Code   RO          505    .ARM.Collect$$libinit$$00000004  c_w.l(libinit2.o)
    0x00000486   0x00000486   0x00000008   Code   RO          632    .ARM.Collect$$libinit$$00000008  c_w.l(libinit5.o)
    0x0000048e   0x0000048e   0x00000000   Code   RO          508    .ARM.Collect$$libinit$$0000000A  c_w.l(libinit2.o)
    0x0000048e   0x0000048e   0x00000000   Code   RO          510    .ARM.Collect$$libinit$$0000000C  c_w.l(libinit2.o)
    0x0000048e   0x0000048e   0x00000000   Code   RO          512    .ARM.Collect$$libinit$$0000000E  c_w.l(libinit2.o)
    0x0000048e   0x0000048e   0x00000000   Code   RO          515    .ARM.Collect$$libinit$$00000011  c_w.l(libinit2.o)
    0x0000048e   0x0000048e   0x00000000   Code   RO          517    .ARM.Collect$$libinit$$00000013  c_w.l(libinit2.o)
    0x0000048e   0x0000048e   0x00000000   Code   RO          519    .ARM.Collect$$libinit$$00000015  c_w.l(libinit2.o)
    0x0000048e   0x0000048e   0x00000000   Code   RO          521    .ARM.Collect$$libinit$$00000017  c_w.l(libinit2.o)
    0x0000048e   0x0000048e   0x00000000   Code   RO          523    .ARM.Collect$$libinit$$00000019  c_w.l(libinit2.o)
    0x0000048e   0x0000048e   0x00000000   Code   RO          525    .ARM.Collect$$libinit$$0000001B  c_w.l(libinit2.o)
    0x0000048e   0x0000048e   0x00000000   Code   RO          527    .ARM.Collect$$libinit$$0000001D  c_w.l(libinit2.o)
    0x0000048e   0x0000048e   0x00000000   Code   RO          529    .ARM.Collect$$libinit$$0000001F  c_w.l(libinit2.o)
    0x0000048e   0x0000048e   0x00000000   Code   RO          531    .ARM.Collect$$libinit$$00000021  c_w.l(libinit2.o)
    0x0000048e   0x0000048e   0x00000000   Code   RO          533    .ARM.Collect$$libinit$$00000023  c_w.l(libinit2.o)
    0x0000048e   0x0000048e   0x00000000   Code   RO          535    .ARM.Collect$$libinit$$00000025  c_w.l(libinit2.o)
    0x0000048e   0x0000048e   0x00000000   Code   RO          539    .ARM.Collect$$libinit$$0000002C  c_w.l(libinit2.o)
    0x0000048e   0x0000048e   0x00000000   Code   RO          541    .ARM.Collect$$libinit$$0000002E  c_w.l(libinit2.o)
    0x0000048e   0x0000048e   0x00000000   Code   RO          543    .ARM.Collect$$libinit$$00000030  c_w.l(libinit2.o)
    0x0000048e   0x0000048e   0x00000000   Code   RO          545    .ARM.Collect$$libinit$$00000032  c_w.l(libinit2.o)
    0x0000048e   0x0000048e   0x00000002   Code   RO          546    .ARM.Collect$$libinit$$00000033  c_w.l(libinit2.o)
    0x00000490   0x00000490   0x00000008   Code   RO          633    .ARM.Collect$$libinit$$00002719  c_w.l(libinit5.o)
    0x00000498   0x00000498   0x00000002   Code   RO          681    .ARM.Collect$$libshutdown$$00000000  c_w.l(libshutdown.o)
    0x0000049a   0x0000049a   0x00000000   Code   RO          637    .ARM.Collect$$libshutdown$$00000002  c_w.l(libshutdown2.o)
    0x0000049a   0x0000049a   0x00000000   Code   RO          639    .ARM.Collect$$libshutdown$$00000004  c_w.l(libshutdown2.o)
    0x0000049a   0x0000049a   0x00000000   Code   RO          642    .ARM.Collect$$libshutdown$$00000007  c_w.l(libshutdown2.o)
    0x0000049a   0x0000049a   0x00000000   Code   RO          645    .ARM.Collect$$libshutdown$$0000000A  c_w.l(libshutdown2.o)
    0x0000049a   0x0000049a   0x00000000   Code   RO          647    .ARM.Collect$$libshutdown$$0000000C  c_w.l(libshutdown2.o)
    0x0000049a   0x0000049a   0x00000000   Code   RO          650    .ARM.Collect$$libshutdown$$0000000F  c_w.l(libshutdown2.o)
    0x0000049a   0x0000049a   0x00000002   Code   RO          651    .ARM.Collect$$libshutdown$$00000010  c_w.l(libshutdown2.o)
    0x0000049c   0x0000049c   0x00000000   Code   RO          472    .ARM.Collect$$rtentry$$00000000  c_w.l(__rtentry.o)
    0x0000049c   0x0000049c   0x00000000   Code   RO          553    .ARM.Collect$$rtentry$$00000002  c_w.l(__rtentry2.o)
    0x0000049c   0x0000049c   0x00000004   Code   RO          567    .ARM.Collect$$rtentry$$00000007  c_w.l(__rtentry7.o)
    0x000004a0   0x000004a0   0x00000000   Code   RO          555    .ARM.Collect$$rtentry$$00000009  c_w.l(__rtentry2.o)
    0x000004a0   0x000004a0   0x00000004   Code   RO          556    .ARM.Collect$$rtentry$$0000000A  c_w.l(__rtentry2.o)
    0x000004a4   0x000004a4   0x00000000   Code   RO          558    .ARM.Collect$$rtentry$$0000000C  c_w.l(__rtentry2.o)
    0x000004a4   0x000004a4   0x00000008   Code   RO          559    .ARM.Collect$$rtentry$$0000000D  c_w.l(__rtentry2.o)
    0x000004ac   0x000004ac   0x00000004   Code   RO          568    .ARM.Collect$$rtentry$$00002718  c_w.l(__rtentry7.o)
    0x000004b0   0x000004b0   0x00000002   Code   RO          622    .ARM.Collect$$rtexit$$00000000  c_w.l(rtexit.o)
    0x000004b2   0x000004b2   0x00000000   Code   RO          655    .ARM.Collect$$rtexit$$00000002  c_w.l(rtexit2.o)
    0x000004b2   0x000004b2   0x00000004   Code   RO          656    .ARM.Collect$$rtexit$$00000003  c_w.l(rtexit2.o)
    0x000004b6   0x000004b6   0x00000006   Code   RO          657    .ARM.Collect$$rtexit$$00000004  c_w.l(rtexit2.o)
    0x000004bc   0x000004bc   0x00000000   Code   RO          574    .emb_text           c_w.l(maybetermalloc1.o)
    0x000004bc   0x000004bc   0x000001cc   Code   RO          345    .text               startup_mk64f12.o
    0x00000688   0x00000688   0x0000005e   Code   RO          410    .text               c_w.l(h1_alloc.o)
    0x000006e6   0x000006e6   0x0000004e   Code   RO          412    .text               c_w.l(h1_free.o)
    0x00000734   0x00000734   0x00000008   Code   RO          476    .text               c_w.l(rt_heap_descriptor_intlibspace.o)
    0x0000073c   0x0000073c   0x00000004   Code   RO          478    .text               c_w.l(hguard.o)
    0x00000740   0x00000740   0x0000008a   Code   RO          480    .text               c_w.l(init_alloc.o)
    0x000007ca   0x000007ca   0x0000000e   Code   RO          484    .text               c_w.l(h1_init.o)
    0x000007d8   0x000007d8   0x00000034   Code   RO          576    .text               c_w.l(h1_extend.o)
    0x0000080c   0x0000080c   0x0000000e   Code   RO          580    .text               c_w.l(defsig_rtmem_outer.o)
    0x0000081a   0x0000081a   0x00000002   Code   RO          593    .text               c_w.l(use_no_semi.o)
    0x0000081c   0x0000081c   0x00000000   Code   RO          595    .text               c_w.l(indicate_semi.o)
    0x0000081c   0x0000081c   0x00000012   Code   RO          602    .text               c_w.l(exit.o)
    0x0000082e   0x0000082e   0x0000000a   Code   RO          604    .text               c_w.l(defsig_exit.o)
    0x00000838   0x00000838   0x00000050   Code   RO          606    .text               c_w.l(defsig_rtmem_inner.o)
    0x00000888   0x00000888   0x0000000c   Code   RO          618    .text               c_w.l(sys_exit.o)
    0x00000894   0x00000894   0x00000032   Code   RO          630    .text               c_w.l(defsig_general.o)
    0x000008c6   0x000008c6   0x0000000e   Code   RO          652    .text               c_w.l(sys_wrch.o)
    0x000008d4   0x000008d4   0x00000010   Code   RO          194    i.LEDBlue_Toggle    utils.o
    0x000008e4   0x000008e4   0x00000030   Code   RO          195    i.LEDGreen_On       utils.o
    0x00000914   0x00000914   0x00000010   Code   RO          198    i.LEDRed_Toggle     utils.o
    0x00000924   0x00000924   0x00000048   Code   RO          199    i.LED_Initialize    utils.o
    0x0000096c   0x0000096c   0x0000002c   Code   RO          200    i.LED_Off           utils.o
    0x00000998   0x00000998   0x0000004c   Code   RO           75    i.PIT1_IRQHandler   process.o
    0x000009e4   0x000009e4   0x00000020   Code   RO          353    i.SystemInit        system_mk64f12.o
    0x00000a04   0x00000a04   0x00000002   Code   RO          354    i.SystemInitHook    system_mk64f12.o
    0x00000a06   0x00000a06   0x0000001a   Code   RO           76    i.__NVIC_EnableIRQ  process.o
    0x00000a20   0x00000a20   0x00000028   Code   RO           77    i.__NVIC_SetPriority  process.o
    0x00000a48   0x00000a48   0x00000006   Code   RO          201    i.__get_PRIMASK     utils.o
    0x00000a4e   0x00000a4e   0x00000006   Code   RO          202    i.__set_PRIMASK     utils.o
    0x00000a54   0x00000a54   0x00000014   Code   RO          203    i.delay             utils.o
    0x00000a68   0x00000a68   0x00000078   Code   RO          285    i.main              test_r1.o
    0x00000ae0   0x00000ae0   0x0000001e   Code   RO          288    i.pRT1              test_r1.o
    0x00000afe   0x00000afe   0x0000001e   Code   RO          289    i.pRT2              test_r1.o
    0x00000b1c   0x00000b1c   0x00000020   Code   RO           78    i.pop_front_not_ready_rt  process.o
    0x00000b3c   0x00000b3c   0x0000003c   Code   RO           79    i.pop_front_process  process.o
    0x00000b78   0x00000b78   0x00000020   Code   RO           80    i.pop_front_rt      process.o
    0x00000b98   0x00000b98   0x00000014   Code   RO           82    i.process_free      process.o
    0x00000bac   0x00000bac   0x0000008c   Code   RO           83    i.process_rt_create  process.o
    0x00000c38   0x00000c38   0x00000258   Code   RO           85    i.process_select    process.o
    0x00000e90   0x00000e90   0x00000012   Code   RO            6    i.process_stack_free  3140_concur.o
    0x00000ea2   0x00000ea2   0x00000002   PAD
    0x00000ea4   0x00000ea4   0x00000060   Code   RO            7    i.process_stack_init  3140_concur.o
    0x00000f04   0x00000f04   0x00000028   Code   RO           86    i.process_stack_reinit  process.o
    0x00000f2c   0x00000f2c   0x00000084   Code   RO           87    i.process_start     process.o
    0x00000fb0   0x00000fb0   0x00000064   Code   RO           88    i.push_rt_Nready    process.o
    0x00001014   0x00001014   0x00000064   Code   RO           89    i.push_rt_ready     process.o
    0x00001078   0x00001078   0x00000028   Code   RO           90    i.push_tail_process  process.o
    0x000010a0   0x000010a0   0x00000008   Code   RO          290    i.shortDelay        test_r1.o
    0x000010a8   0x000010a8   0x0000007c   Code   RO          279    myProg              3140.o
    0x00001124   0x00001124   0x00000020   Data   RO          682    Region$$Table       anon$$obj.o


    Execution Region RW_m_data (Exec base: 0x1fff0000, Load base: 0x00001144, Size: 0x00000000, Max: 0x00010000, ABSOLUTE)

    **** No section assigned to this execution region ****


    Execution Region RW_m_data_2 (Exec base: 0x20000000, Load base: 0x00001144, Size: 0x000000a8, Max: 0x0001f800, ABSOLUTE)

    Exec Addr    Load Addr    Size         Type   Attr      Idx    E Section Name        Object

    0x20000000   0x00001144   0x00000024   Data   RW           91    .data               process.o
    0x20000024   0x00001168   0x00000020   Data   RW          291    .data               test_r1.o
    0x20000044   0x00001188   0x00000004   Data   RW          278    myData              3140.o
    0x20000048        -       0x00000060   Zero   RW          550    .bss                c_w.l(libspace.o)


    Execution Region ARM_LIB_HEAP (Exec base: 0x200000a8, Load base: 0x0000118c, Size: 0x00000400, Max: 0x00000400, ABSOLUTE)

    Exec Addr    Load Addr    Size         Type   Attr      Idx    E Section Name        Object

    0x200000a8        -       0x00000400   Zero   RW            1    ARM_LIB_HEAP.bss    anon$$obj.o


    Execution Region ARM_LIB_STACK (Exec base: 0x2001fc00, Load base: 0x0000118c, Size: 0x00000400, Max: 0x00000400, ABSOLUTE)

    Exec Addr    Load Addr    Size         Type   Attr      Idx    E Section Name        Object

    0x2001fc00        -       0x00000400   Zero   RW            2    ARM_LIB_STACK.bss   anon$$obj.o


==============================================================================

Image component sizes


      Code (inc. data)   RO Data    RW Data    ZI Data      Debug   Object Name

       124         24          0          4          0        244   3140.o
       114          6          0          0          0     472430   3140_concur.o
      1438        112          0         36          0      37524   process.o
       460        218       1040          0          0       3188   startup_mk64f12.o
        34          4          0          0          0        886   system_mk64f12.o
       188         20          0         32          0       2396   test_r1.o
       228         58          0          0          0       8150   utils.o

    ----------------------------------------------------------------------
      2588        442       1072         72       2048     524818   Object Totals
         0          0         32          0       2048          0   (incl. Generated)
         2          0          0          0          0          0   (incl. Padding)

    ----------------------------------------------------------------------

      Code (inc. data)   RO Data    RW Data    ZI Data      Debug   Library Member Name

         8          0          0          0          0         68   __main.o
         0          0          0          0          0          0   __rtentry.o
        12          0          0          0          0          0   __rtentry2.o
         8          4          0          0          0          0   __rtentry7.o
        52          8          0          0          0          0   __scatter.o
        26          0          0          0          0          0   __scatter_copy.o
        28          0          0          0          0          0   __scatter_zi.o
        10          0          0          0          0         68   defsig_exit.o
        50          0          0          0          0         88   defsig_general.o
        80         58          0          0          0         76   defsig_rtmem_inner.o
        14          0          0          0          0         80   defsig_rtmem_outer.o
        18          0          0          0          0         80   exit.o
        94          0          0          0          0         80   h1_alloc.o
        52          0          0          0          0         68   h1_extend.o
        78          0          0          0          0         80   h1_free.o
        14          0          0          0          0         84   h1_init.o
         4          0          0          0          0        136   hguard.o
         0          0          0          0          0          0   indicate_semi.o
       138          0          0          0          0        168   init_alloc.o
         2          0          0          0          0          0   libinit.o
         2          0          0          0          0          0   libinit2.o
        16          8          0          0          0          0   libinit5.o
         2          0          0          0          0          0   libshutdown.o
         2          0          0          0          0          0   libshutdown2.o
         0          0          0          0         96          0   libspace.o
         0          0          0          0          0          0   maybetermalloc1.o
         8          4          0          0          0         68   rt_heap_descriptor_intlibspace.o
         2          0          0          0          0          0   rtexit.o
        10          0          0          0          0          0   rtexit2.o
        12          4          0          0          0         68   sys_exit.o
        14          0          0          0          0         76   sys_wrch.o
         2          0          0          0          0         68   use_no_semi.o

    ----------------------------------------------------------------------
       760         86          0          0         96       1356   Library Totals
         2          0          0          0          0          0   (incl. Padding)

    ----------------------------------------------------------------------

      Code (inc. data)   RO Data    RW Data    ZI Data      Debug   Library Name

       758         86          0          0         96       1356   c_w.l

    ----------------------------------------------------------------------
       760         86          0          0         96       1356   Library Totals

    ----------------------------------------------------------------------

==============================================================================


      Code (inc. data)   RO Data    RW Data    ZI Data      Debug   

      3348        528       1072         72       2144     524142   Grand Totals
      3348        528       1072         72       2144     524142   ELF Image Totals
      3348        528       1072         72          0          0   ROM Totals

==============================================================================

    Total RO  Size (Code + RO Data)                 4420 (   4.32kB)
    Total RW  Size (RW Data + ZI Data)              2216 (   2.16kB)
    Total ROM Size (Code + RO Data + RW Data)       4492 (   4.39kB)

==============================================================================

